=== workspace/seed/create ===
=== workspace/seed/copy ===
=== workspace/seed/remove ===
=== agent ===
 Container experiment-searxng-1 Running 
 Container experiment-searxng-1 Waiting 
 Container experiment-searxng-1 Healthy 
 Container tinycua-template-agent-1eb78b68-d840-4e0d-9437-3a674c0194d3-6578706572696d656e742d35-74696e796375612d6e642d6e72 Creating 
 Container tinycua-template-agent-1eb78b68-d840-4e0d-9437-3a674c0194d3-6578706572696d656e742d35-74696e796375612d6e642d6e72 Created 
INFO:httpx:HTTP Request: GET http://host.docker.internal:1234/v1/models "HTTP/1.1 200 OK"
INFO:tinycua.cli.model_probe:max_context_probe_no_field fallback=128000
INFO:httpx:HTTP Request: POST http://host.docker.internal:1234/v1/chat/completions "HTTP/1.1 200 OK"
INFO:tinycua.loops.node:node=query_analyst record_output content_len=0
INFO:httpx:HTTP Request: POST http://host.docker.internal:1234/v1/chat/completions "HTTP/1.1 200 OK"
INFO:tinycua.loops.node:node=worker record_output content_len=0
INFO:httpx:HTTP Request: POST http://host.docker.internal:1234/v1/chat/completions "HTTP/1.1 200 OK"
INFO:tinycua.models.task:task_tree_mutation method=create_task root=a87f2420e4b24ddbbde577f9105e7d7c active=a87f2420e4b24ddbbde577f9105e7d7c completed=0/1 pending=1 in_progress=0
INFO:tinycua.loops.node:node=task_create record_output content_len=0
INFO:httpx:HTTP Request: POST http://host.docker.internal:1234/v1/chat/completions "HTTP/1.1 200 OK"
INFO:httpx:HTTP Request: POST http://host.docker.internal:1234/v1/chat/completions "HTTP/1.1 200 OK"
INFO:httpx:HTTP Request: POST http://host.docker.internal:1234/v1/chat/completions "HTTP/1.1 200 OK"
INFO:tinycua.models.task:task_tree_mutation method=decompose_task root=a87f2420e4b24ddbbde577f9105e7d7c active=d73e797b61d14c2f9b3828d94565cef6 completed=0/8 pending=8 in_progress=0
  1. [pending] Research foundational neural network concepts
  2. [pending] Research Transformer architecture components
  3. [pending] Research training optimization concepts
  4. [pending] Create study guide structure and content sections
  5. [pending] Include practical code examples
  6. [pending] Develop study plan and exercises
  7. [pending] Compile references and finalize document
INFO:tinycua.loops.node:node=task_analyzer record_output content_len=0
INFO:httpx:HTTP Request: POST http://host.docker.internal:1234/v1/chat/completions "HTTP/1.1 200 OK"
INFO:httpx:HTTP Request: POST http://host.docker.internal:1234/v1/chat/completions "HTTP/1.1 200 OK"
INFO:tinycua.loops.node:node=task_assessor record_output content_len=0
INFO:httpx:HTTP Request: POST http://host.docker.internal:1234/v1/chat/completions "HTTP/1.1 200 OK"
INFO:httpx:HTTP Request: POST http://host.docker.internal:1234/v1/chat/completions "HTTP/1.1 200 OK"
INFO:httpx:HTTP Request: POST http://host.docker.internal:1234/v1/chat/completions "HTTP/1.1 200 OK"
INFO:tinycua.loops.node:node=task_assessor record_output content_len=0
INFO:httpx:HTTP Request: POST http://host.docker.internal:1234/v1/chat/completions "HTTP/1.1 200 OK"
INFO:httpx:HTTP Request: POST http://host.docker.internal:1234/v1/chat/completions "HTTP/1.1 200 OK"
INFO:tinycua.loops.node:node=task_assessor record_output content_len=0
INFO:httpx:HTTP Request: POST http://host.docker.internal:1234/v1/chat/completions "HTTP/1.1 200 OK"
INFO:httpx:HTTP Request: POST http://host.docker.internal:1234/v1/chat/completions "HTTP/1.1 200 OK"
INFO:httpx:HTTP Request: GET http://searxng:8080/search?q=neural+networks+foundational+concepts+architecture+neurons+layers+forward+propagation+activation+functions&format=json "HTTP/1.1 200 OK"
INFO:httpx:HTTP Request: POST http://host.docker.internal:1234/v1/chat/completions "HTTP/1.1 200 OK"
INFO:httpx:HTTP Request: GET https://en.wikipedia.org/wiki/Neural_network_(machine_learning) "HTTP/1.1 200 OK"
INFO:httpx:HTTP Request: POST http://host.docker.internal:1234/v1/chat/completions "HTTP/1.1 200 OK"
INFO:httpx:HTTP Request: GET https://en.wikipedia.org/wiki/Neuron_(machine_learning) "HTTP/1.1 404 Not Found"
INFO:httpx:HTTP Request: GET https://en.wikipedia.org/wiki/Activation_function "HTTP/1.1 200 OK"
INFO:httpx:HTTP Request: POST http://host.docker.internal:1234/v1/chat/completions "HTTP/1.1 200 OK"
INFO:httpx:HTTP Request: GET https://en.wikipedia.org/wiki/Forward_propagation "HTTP/1.1 404 Not Found"
INFO:httpx:HTTP Request: GET https://en.wikipedia.org/wiki/Perceptron "HTTP/1.1 200 OK"
INFO:httpx:HTTP Request: POST http://host.docker.internal:1234/v1/chat/completions "HTTP/1.1 200 OK"
INFO:httpx:HTTP Request: POST http://host.docker.internal:1234/v1/chat/completions "HTTP/1.1 200 OK"
INFO:tinycua.models.task:task_tree_mutation method=transition root=a87f2420e4b24ddbbde577f9105e7d7c active=d73e797b61d14c2f9b3828d94565cef6 completed=0/8 pending=7 in_progress=1
  1. [in_progress] Research foundational neural network concepts
  2. [pending] Research Transformer architecture components
  3. [pending] Research training optimization concepts
  4. [pending] Create study guide structure and content sections
  5. [pending] Include practical code examples
  6. [pending] Develop study plan and exercises
  7. [pending] Compile references and finalize document
INFO:tinycua.models.task:task_tree_mutation method=record_result root=a87f2420e4b24ddbbde577f9105e7d7c active=d73e797b61d14c2f9b3828d94565cef6 completed=0/8 pending=7 in_progress=1
  1. [in_progress] Research foundational neural network concepts ✓
  2. [pending] Research Transformer architecture components
  3. [pending] Research training optimization concepts
  4. [pending] Create study guide structure and content sections
  5. [pending] Include practical code examples
  6. [pending] Develop study plan and exercises
  7. [pending] Compile references and finalize document
INFO:tinycua.loops.tinycua_loop:task_tool=task_result_update requested_task_id=None resolved_task_id='d73e797b61d14c2f9b3828d94565cef6'
INFO:tinycua.loops.node:node=task_executor record_output content_len=393
INFO:tinycua.models.task:task_tree_mutation method=transition root=a87f2420e4b24ddbbde577f9105e7d7c active=24677d30904446ccb8033bcb753261d9 completed=1/8 pending=7 in_progress=0
  1. [completed] Research foundational neural network concepts ✓
  2. [pending] Research Transformer architecture components
  3. [pending] Research training optimization concepts
  4. [pending] Create study guide structure and content sections
  5. [pending] Include practical code examples
  6. [pending] Develop study plan and exercises
  7. [pending] Compile references and finalize document
INFO:httpx:HTTP Request: POST http://host.docker.internal:1234/v1/chat/completions "HTTP/1.1 200 OK"
INFO:httpx:HTTP Request: POST http://host.docker.internal:1234/v1/chat/completions "HTTP/1.1 200 OK"
INFO:httpx:HTTP Request: POST http://host.docker.internal:1234/v1/chat/completions "HTTP/1.1 200 OK"
INFO:httpx:HTTP Request: GET http://searxng:8080/search?q=Transformer+architecture+self-attention+mechanism+scaled+dot-product+attention+softmax&format=json "HTTP/1.1 200 OK"
INFO:httpx:HTTP Request: POST http://host.docker.internal:1234/v1/chat/completions "HTTP/1.1 200 OK"
INFO:httpx:HTTP Request: POST http://host.docker.internal:1234/v1/chat/completions "HTTP/1.1 200 OK"
INFO:tinycua.models.task:task_tree_mutation method=transition root=a87f2420e4b24ddbbde577f9105e7d7c active=24677d30904446ccb8033bcb753261d9 completed=1/8 pending=6 in_progress=1
  1. [completed] Research foundational neural network concepts ✓
  2. [in_progress] Research Transformer architecture components
  3. [pending] Research training optimization concepts
  4. [pending] Create study guide structure and content sections
  5. [pending] Include practical code examples
  6. [pending] Develop study plan and exercises
  7. [pending] Compile references and finalize document
INFO:tinycua.models.task:task_tree_mutation method=record_result root=a87f2420e4b24ddbbde577f9105e7d7c active=24677d30904446ccb8033bcb753261d9 completed=1/8 pending=6 in_progress=1
  1. [completed] Research foundational neural network concepts ✓
  2. [in_progress] Research Transformer architecture components ✓
  3. [pending] Research training optimization concepts
  4. [pending] Create study guide structure and content sections
  5. [pending] Include practical code examples
  6. [pending] Develop study plan and exercises
  7. [pending] Compile references and finalize document
INFO:tinycua.loops.tinycua_loop:task_tool=task_result_update requested_task_id=None resolved_task_id='24677d30904446ccb8033bcb753261d9'
INFO:tinycua.loops.node:node=task_executor record_output content_len=680
INFO:tinycua.models.task:task_tree_mutation method=transition root=a87f2420e4b24ddbbde577f9105e7d7c active=c26eb96c79254e639da8ea010c54d70d completed=2/8 pending=6 in_progress=0
  1. [completed] Research foundational neural network concepts ✓
  2. [completed] Research Transformer architecture components ✓
  3. [pending] Research training optimization concepts
  4. [pending] Create study guide structure and content sections
  5. [pending] Include practical code examples
  6. [pending] Develop study plan and exercises
  7. [pending] Compile references and finalize document
INFO:httpx:HTTP Request: POST http://host.docker.internal:1234/v1/chat/completions "HTTP/1.1 200 OK"
INFO:httpx:HTTP Request: POST http://host.docker.internal:1234/v1/chat/completions "HTTP/1.1 200 OK"
INFO:httpx:HTTP Request: POST http://host.docker.internal:1234/v1/chat/completions "HTTP/1.1 200 OK"
INFO:httpx:HTTP Request: GET http://searxng:8080/search?q=backpropagation+chain+rule+computational+graph+neural+network+mathematical+derivation&format=json "HTTP/1.1 200 OK"
INFO:httpx:HTTP Request: POST http://host.docker.internal:1234/v1/chat/completions "HTTP/1.1 200 OK"
INFO:httpx:HTTP Request: POST http://host.docker.internal:1234/v1/chat/completions "HTTP/1.1 200 OK"
INFO:tinycua.models.task:task_tree_mutation method=transition root=a87f2420e4b24ddbbde577f9105e7d7c active=c26eb96c79254e639da8ea010c54d70d completed=2/8 pending=5 in_progress=1
  1. [completed] Research foundational neural network concepts ✓
  2. [completed] Research Transformer architecture components ✓
  3. [in_progress] Research training optimization concepts
  4. [pending] Create study guide structure and content sections
  5. [pending] Include practical code examples
  6. [pending] Develop study plan and exercises
  7. [pending] Compile references and finalize document
INFO:tinycua.models.task:task_tree_mutation method=record_result root=a87f2420e4b24ddbbde577f9105e7d7c active=c26eb96c79254e639da8ea010c54d70d completed=2/8 pending=5 in_progress=1
  1. [completed] Research foundational neural network concepts ✓
  2. [completed] Research Transformer architecture components ✓
  3. [in_progress] Research training optimization concepts ✓
  4. [pending] Create study guide structure and content sections
  5. [pending] Include practical code examples
  6. [pending] Develop study plan and exercises
  7. [pending] Compile references and finalize document
INFO:tinycua.loops.tinycua_loop:task_tool=task_result_update requested_task_id=None resolved_task_id='c26eb96c79254e639da8ea010c54d70d'
INFO:tinycua.loops.node:node=task_executor record_output content_len=824
INFO:tinycua.models.task:task_tree_mutation method=transition root=a87f2420e4b24ddbbde577f9105e7d7c active=57d74e8091a8406dacffd3c59baf810c completed=3/8 pending=5 in_progress=0
  1. [completed] Research foundational neural network concepts ✓
  2. [completed] Research Transformer architecture components ✓
  3. [completed] Research training optimization concepts ✓
  4. [pending] Create study guide structure and content sections
  5. [pending] Include practical code examples
  6. [pending] Develop study plan and exercises
  7. [pending] Compile references and finalize document
INFO:httpx:HTTP Request: POST http://host.docker.internal:1234/v1/chat/completions "HTTP/1.1 200 OK"
INFO:httpx:HTTP Request: POST http://host.docker.internal:1234/v1/chat/completions "HTTP/1.1 200 OK"
INFO:httpx:HTTP Request: POST http://host.docker.internal:1234/v1/chat/completions "HTTP/1.1 200 OK"
INFO:httpx:HTTP Request: POST http://host.docker.internal:1234/v1/chat/completions "HTTP/1.1 200 OK"
INFO:httpx:HTTP Request: POST http://host.docker.internal:1234/v1/chat/completions "HTTP/1.1 200 OK"
INFO:tinycua.models.task:task_tree_mutation method=transition root=a87f2420e4b24ddbbde577f9105e7d7c active=57d74e8091a8406dacffd3c59baf810c completed=3/8 pending=4 in_progress=1
  1. [completed] Research foundational neural network concepts ✓
  2. [completed] Research Transformer architecture components ✓
  3. [completed] Research training optimization concepts ✓
  4. [in_progress] Create study guide structure and content sections
  5. [pending] Include practical code examples
  6. [pending] Develop study plan and exercises
  7. [pending] Compile references and finalize document
INFO:tinycua.models.task:task_tree_mutation method=record_result root=a87f2420e4b24ddbbde577f9105e7d7c active=57d74e8091a8406dacffd3c59baf810c completed=3/8 pending=4 in_progress=1
  1. [completed] Research foundational neural network concepts ✓
  2. [completed] Research Transformer architecture components ✓
  3. [completed] Research training optimization concepts ✓
  4. [in_progress] Create study guide structure and content sections ✓
  5. [pending] Include practical code examples
  6. [pending] Develop study plan and exercises
  7. [pending] Compile references and finalize document
INFO:tinycua.loops.tinycua_loop:task_tool=task_result_update requested_task_id=None resolved_task_id='57d74e8091a8406dacffd3c59baf810c'
INFO:tinycua.loops.node:node=task_executor record_output content_len=714
INFO:tinycua.models.task:task_tree_mutation method=transition root=a87f2420e4b24ddbbde577f9105e7d7c active=58e1c9a40cee402395af2ee590747587 completed=4/8 pending=4 in_progress=0
  1. [completed] Research foundational neural network concepts ✓
  2. [completed] Research Transformer architecture components ✓
  3. [completed] Research training optimization concepts ✓
  4. [completed] Create study guide structure and content sections ✓
  5. [pending] Include practical code examples
  6. [pending] Develop study plan and exercises
  7. [pending] Compile references and finalize document
INFO:httpx:HTTP Request: POST http://host.docker.internal:1234/v1/chat/completions "HTTP/1.1 200 OK"
INFO:httpx:HTTP Request: POST http://host.docker.internal:1234/v1/chat/completions "HTTP/1.1 200 OK"
INFO:httpx:HTTP Request: POST http://host.docker.internal:1234/v1/chat/completions "HTTP/1.1 200 OK"
INFO:httpx:HTTP Request: POST http://host.docker.internal:1234/v1/chat/completions "HTTP/1.1 200 OK"
INFO:httpx:HTTP Request: POST http://host.docker.internal:1234/v1/chat/completions "HTTP/1.1 200 OK"
INFO:tinycua.models.task:task_tree_mutation method=transition root=a87f2420e4b24ddbbde577f9105e7d7c active=58e1c9a40cee402395af2ee590747587 completed=4/8 pending=3 in_progress=1
  1. [completed] Research foundational neural network concepts ✓
  2. [completed] Research Transformer architecture components ✓
  3. [completed] Research training optimization concepts ✓
  4. [completed] Create study guide structure and content sections ✓
  5. [in_progress] Include practical code examples
  6. [pending] Develop study plan and exercises
  7. [pending] Compile references and finalize document
INFO:tinycua.models.task:task_tree_mutation method=record_result root=a87f2420e4b24ddbbde577f9105e7d7c active=58e1c9a40cee402395af2ee590747587 completed=4/8 pending=3 in_progress=1
  1. [completed] Research foundational neural network concepts ✓
  2. [completed] Research Transformer architecture components ✓
  3. [completed] Research training optimization concepts ✓
  4. [completed] Create study guide structure and content sections ✓
  5. [in_progress] Include practical code examples ✓
  6. [pending] Develop study plan and exercises
  7. [pending] Compile references and finalize document
INFO:tinycua.loops.tinycua_loop:task_tool=task_result_update requested_task_id=None resolved_task_id='58e1c9a40cee402395af2ee590747587'
INFO:tinycua.loops.node:node=task_executor record_output content_len=621
INFO:tinycua.models.task:task_tree_mutation method=transition root=a87f2420e4b24ddbbde577f9105e7d7c active=efee049e67da41608e4dd153fc296560 completed=5/8 pending=3 in_progress=0
  1. [completed] Research foundational neural network concepts ✓
  2. [completed] Research Transformer architecture components ✓
  3. [completed] Research training optimization concepts ✓
  4. [completed] Create study guide structure and content sections ✓
  5. [completed] Include practical code examples ✓
  6. [pending] Develop study plan and exercises
  7. [pending] Compile references and finalize document
INFO:httpx:HTTP Request: POST http://host.docker.internal:1234/v1/chat/completions "HTTP/1.1 200 OK"
INFO:httpx:HTTP Request: POST http://host.docker.internal:1234/v1/chat/completions "HTTP/1.1 200 OK"
INFO:httpx:HTTP Request: POST http://host.docker.internal:1234/v1/chat/completions "HTTP/1.1 200 OK"
INFO:httpx:HTTP Request: POST http://host.docker.internal:1234/v1/chat/completions "HTTP/1.1 200 OK"
INFO:tinycua.models.task:task_tree_mutation method=transition root=a87f2420e4b24ddbbde577f9105e7d7c active=efee049e67da41608e4dd153fc296560 completed=5/8 pending=2 in_progress=1
  1. [completed] Research foundational neural network concepts ✓
  2. [completed] Research Transformer architecture components ✓
  3. [completed] Research training optimization concepts ✓
  4. [completed] Create study guide structure and content sections ✓
  5. [completed] Include practical code examples ✓
  6. [in_progress] Develop study plan and exercises
  7. [pending] Compile references and finalize document
INFO:tinycua.models.task:task_tree_mutation method=record_result root=a87f2420e4b24ddbbde577f9105e7d7c active=efee049e67da41608e4dd153fc296560 completed=5/8 pending=2 in_progress=1
  1. [completed] Research foundational neural network concepts ✓
  2. [completed] Research Transformer architecture components ✓
  3. [completed] Research training optimization concepts ✓
  4. [completed] Create study guide structure and content sections ✓
  5. [completed] Include practical code examples ✓
  6. [in_progress] Develop study plan and exercises ✓
  7. [pending] Compile references and finalize document
INFO:tinycua.loops.tinycua_loop:task_tool=task_result_update requested_task_id=None resolved_task_id='efee049e67da41608e4dd153fc296560'
INFO:tinycua.loops.node:node=task_executor record_output content_len=688
INFO:tinycua.models.task:task_tree_mutation method=transition root=a87f2420e4b24ddbbde577f9105e7d7c active=b5f764e11dc54269becbcf33c864369c completed=6/8 pending=2 in_progress=0
  1. [completed] Research foundational neural network concepts ✓
  2. [completed] Research Transformer architecture components ✓
  3. [completed] Research training optimization concepts ✓
  4. [completed] Create study guide structure and content sections ✓
  5. [completed] Include practical code examples ✓
  6. [completed] Develop study plan and exercises ✓
  7. [pending] Compile references and finalize document
INFO:httpx:HTTP Request: POST http://host.docker.internal:1234/v1/chat/completions "HTTP/1.1 200 OK"
INFO:httpx:HTTP Request: POST http://host.docker.internal:1234/v1/chat/completions "HTTP/1.1 200 OK"
INFO:httpx:HTTP Request: POST http://host.docker.internal:1234/v1/chat/completions "HTTP/1.1 200 OK"
INFO:httpx:HTTP Request: POST http://host.docker.internal:1234/v1/chat/completions "HTTP/1.1 200 OK"
INFO:httpx:HTTP Request: POST http://host.docker.internal:1234/v1/chat/completions "HTTP/1.1 200 OK"
INFO:httpx:HTTP Request: POST http://host.docker.internal:1234/v1/chat/completions "HTTP/1.1 200 OK"
INFO:httpx:HTTP Request: POST http://host.docker.internal:1234/v1/chat/completions "HTTP/1.1 200 OK"
INFO:httpx:HTTP Request: POST http://host.docker.internal:1234/v1/chat/completions "HTTP/1.1 200 OK"
INFO:httpx:HTTP Request: POST http://host.docker.internal:1234/v1/chat/completions "HTTP/1.1 200 OK"
INFO:httpx:HTTP Request: POST http://host.docker.internal:1234/v1/chat/completions "HTTP/1.1 200 OK"
INFO:httpx:HTTP Request: POST http://host.docker.internal:1234/v1/chat/completions "HTTP/1.1 200 OK"
INFO:httpx:HTTP Request: POST http://host.docker.internal:1234/v1/chat/completions "HTTP/1.1 200 OK"
INFO:httpx:HTTP Request: POST http://host.docker.internal:1234/v1/chat/completions "HTTP/1.1 200 OK"
INFO:httpx:HTTP Request: POST http://host.docker.internal:1234/v1/chat/completions "HTTP/1.1 200 OK"
INFO:httpx:HTTP Request: POST http://host.docker.internal:1234/v1/chat/completions "HTTP/1.1 200 OK"
INFO:tinycua.models.task:task_tree_mutation method=transition root=a87f2420e4b24ddbbde577f9105e7d7c active=b5f764e11dc54269becbcf33c864369c completed=6/8 pending=1 in_progress=1
  1. [completed] Research foundational neural network concepts ✓
  2. [completed] Research Transformer architecture components ✓
  3. [completed] Research training optimization concepts ✓
  4. [completed] Create study guide structure and content sections ✓
  5. [completed] Include practical code examples ✓
  6. [completed] Develop study plan and exercises ✓
  7. [in_progress] Compile references and finalize document
INFO:tinycua.models.task:task_tree_mutation method=record_result root=a87f2420e4b24ddbbde577f9105e7d7c active=b5f764e11dc54269becbcf33c864369c completed=6/8 pending=1 in_progress=1
  1. [completed] Research foundational neural network concepts ✓
  2. [completed] Research Transformer architecture components ✓
  3. [completed] Research training optimization concepts ✓
  4. [completed] Create study guide structure and content sections ✓
  5. [completed] Include practical code examples ✓
  6. [completed] Develop study plan and exercises ✓
  7. [in_progress] Compile references and finalize document ✓
INFO:tinycua.loops.tinycua_loop:task_tool=task_result_update requested_task_id=None resolved_task_id='b5f764e11dc54269becbcf33c864369c'
INFO:tinycua.loops.node:node=task_executor record_output content_len=729
INFO:tinycua.models.task:task_tree_mutation method=transition root=a87f2420e4b24ddbbde577f9105e7d7c active=a87f2420e4b24ddbbde577f9105e7d7c completed=7/8 pending=1 in_progress=0
  1. [completed] Research foundational neural network concepts ✓
  2. [completed] Research Transformer architecture components ✓
  3. [completed] Research training optimization concepts ✓
  4. [completed] Create study guide structure and content sections ✓
  5. [completed] Include practical code examples ✓
  6. [completed] Develop study plan and exercises ✓
  7. [completed] Compile references and finalize document ✓
INFO:httpx:HTTP Request: POST http://host.docker.internal:1234/v1/chat/completions "HTTP/1.1 200 OK"
INFO:httpx:HTTP Request: POST http://host.docker.internal:1234/v1/chat/completions "HTTP/1.1 200 OK"
INFO:httpx:HTTP Request: POST http://host.docker.internal:1234/v1/chat/completions "HTTP/1.1 200 OK"
INFO:httpx:HTTP Request: POST http://host.docker.internal:1234/v1/chat/completions "HTTP/1.1 200 OK"
INFO:tinycua.models.task:task_tree_mutation method=record_result root=a87f2420e4b24ddbbde577f9105e7d7c active=a87f2420e4b24ddbbde577f9105e7d7c completed=7/8 pending=0 in_progress=1
  1. [completed] Research foundational neural network concepts ✓
  2. [completed] Research Transformer architecture components ✓
  3. [completed] Research training optimization concepts ✓
  4. [completed] Create study guide structure and content sections ✓
  5. [completed] Include practical code examples ✓
  6. [completed] Develop study plan and exercises ✓
  7. [completed] Compile references and finalize document ✓
INFO:tinycua.loops.tinycua_loop:task_tool=task_result_update requested_task_id=None resolved_task_id='a87f2420e4b24ddbbde577f9105e7d7c'
INFO:tinycua.loops.node:node=task_executor record_output content_len=622
INFO:tinycua.models.task:task_tree_mutation method=transition root=a87f2420e4b24ddbbde577f9105e7d7c active=none completed=8/8 pending=0 in_progress=0
  1. [completed] Research foundational neural network concepts ✓
  2. [completed] Research Transformer architecture components ✓
  3. [completed] Research training optimization concepts ✓
  4. [completed] Create study guide structure and content sections ✓
  5. [completed] Include practical code examples ✓
  6. [completed] Develop study plan and exercises ✓
  7. [completed] Compile references and finalize document ✓
INFO:httpx:HTTP Request: POST http://host.docker.internal:1234/v1/chat/completions "HTTP/1.1 200 OK"
INFO:tinycua.loops.node:node=result_aggregation record_output content_len=0
INFO:httpx:HTTP Request: POST http://host.docker.internal:1234/v1/chat/completions "HTTP/1.1 200 OK"
INFO:tinycua.loops.node:node=response record_output content_len=2059
Agent completed in 577.6s
=== NODE TRAVERSAL ===
query_analyst
worker
task_create
task_analyzer
analysis_effort
task_assessor
analysis_effort
task_assessor
analysis_effort
task_assessor
task_executor (×8)
result_aggregation
response

=== TRACE ===
[1] query_analyst (TinyCUAQueryAnalystNode) route=worker terminal=False

[2] worker (TinyCUAWorkerNode) route=task_creation terminal=False

[3] task_create (TinyCUATaskCreateNode) route=None terminal=False

[4] task_analyzer (TinyCUATaskAnalyzerNode) route=None terminal=False

[5] analysis_effort (TinyCUAAnalysisEffortNode) route=None terminal=False

[6] task_assessor (TinyCUATaskAssessorNode) route=None terminal=False

[7] analysis_effort (TinyCUAAnalysisEffortNode) route=None terminal=False

[8] task_assessor (TinyCUATaskAssessorNode) route=None terminal=False

[9] analysis_effort (TinyCUAAnalysisEffortNode) route=None terminal=False

[10] task_assessor (TinyCUATaskAssessorNode) route=None terminal=False

[11] task_executor (TinyCUATaskExecutorNode) route=None terminal=False

[12] task_executor (TinyCUATaskExecutorNode) route=None terminal=False

[13] task_executor (TinyCUATaskExecutorNode) route=None terminal=False

[14] task_executor (TinyCUATaskExecutorNode) route=None terminal=False

[15] task_executor (TinyCUATaskExecutorNode) route=None terminal=False

[16] task_executor (TinyCUATaskExecutorNode) route=None terminal=False

[17] task_executor (TinyCUATaskExecutorNode) route=None terminal=False

[18] task_executor (TinyCUATaskExecutorNode) route=None terminal=False

[19] result_aggregation (TinyCUAResultAggregationNode) route=None terminal=False

[20] response (ResponseNode) route=None terminal=True

=== FINAL RESPONSE ===
## Final Answer: Deep Learning & Transformers Study Guide Complete

A comprehensive **study-guide.md** has been successfully compiled and finalized (approximately 106KB+ of new content added). The document provides a complete learning resource covering:

### 📚 Core Content Sections
- **Neural Networks Fundamentals**: Architecture, neurons, layers, forward propagation, activation functions, loss functions, data preprocessing
- **Transformer Architecture**: Self-attention (Q-K-V mechanism), positional encoding, encoder/decoder structure, complete model architecture
- **Training & Optimization**: Backpropagation with chain rule derivations, computational graphs, gradient descent variants (SGD, Momentum, NAG, AdaGrad, RMSProp, Adam, AdamW), learning rate schedules, regularization techniques

### 💻 Practical Code Examples Included
Three comprehensive code blocks demonstrating:
1. Simple NN forward pass with matrix operations and activation functions
2. Self-attention computation showing Q-K-V mechanism and scaled dot-product attention
3. Gradient descent update with backpropagation and chain rule application

All code includes extensive explanatory comments for learner clarity.

### 📅 Study Plan & Exercises
- **4-week structured schedule** with milestones for NN basics, Transformer architecture, training/optimization, and capstone project
- **Week-by-week exercises** covering derivations (backpropagation, attention, Adam), architecture design problems, NumPy implementations
- **Capstone project options** with deliverables checklist

### 📖 Comprehensive References Section
Core textbooks (Goodfellow's Deep Learning, Murphy's ML), online resources (Fast.ai, 3Blue1Brown, DeepLearning.AI), key papers (Attention Is All You Need, BERT, GPT, Adam), code repositories (Hugging Face Transformers, PyTorch Lightning, TensorFlow Hub), and practice platforms (Kaggle, Papers With Code, ArXiv).

The document is ready for use as a complete self-study resource covering deep learning fundamentals through Transformer implementation and optimization.
=== TASK TREE ===
Root (goal): Research Neural Networks and Transformers Study Guide
Task list (in execution order, numbered):

1. Task [completed] Research foundational neural network concepts
2. Task [completed] Research Transformer architecture components
3. Task [completed] Research training optimization concepts
4. Task [completed] Create study guide structure and content sections
5. Task [completed] Include practical code examples
6. Task [completed] Develop study plan and exercises
7. Task [completed] Compile references and finalize document

=== WORKSPACE FILES ===
- .agent_scripts/README.md
- .agent_scripts/search.sh
- TASK.md
- study-guide.md
- tmp/tool-results/RPl9ErygpHGlvUsgrDbQDhDAG8yKWzJq.txt
- tmp/tool-results/VQxjur5pRP7OOGdsWoE7FlpYcPNkZrUT.txt
- tmp/tool-results/eiEb548NXbvQ92si0pgYxLyQsE40P0qz.txt
=== workspace/export/create ===
=== workspace/export/copy ===
=== workspace/export/remove ===
=== workspace/seed/create ===
=== workspace/seed/copy ===
=== workspace/seed/remove ===
=== evaluator ===
WARNING: Running pip as the 'root' user can result in broken permissions and conflicting behaviour with the system package manager, possibly rendering your system unusable. It is recommended to use a virtual environment instead: https://pip.pypa.io/warnings/venv. Use the --root-user-action option if you know what you are doing and want to suppress this warning.

[notice] A new release of pip is available: 25.0.1 -> 26.2
[notice] To update, run: pip install --upgrade pip
table_of_contents: an optional table of contents links to existing headings
unique_headings: normalized headings are unique
=== workspace/export/create ===
=== workspace/export/copy ===
=== workspace/export/remove ===
