=== workspace/seed/create ===
=== workspace/seed/copy ===
=== workspace/seed/remove ===
=== agent ===
 Container experiment-searxng-1 Running 
 Container experiment-searxng-1 Waiting 
 Container experiment-searxng-1 Healthy 
 Container tinycua-template-agent-1eb78b68-d840-4e0d-9437-3a674c0194d3-6578706572696d656e742d33-74696e796375612d6e64 Creating 
 Container tinycua-template-agent-1eb78b68-d840-4e0d-9437-3a674c0194d3-6578706572696d656e742d33-74696e796375612d6e64 Created 
INFO:httpx:HTTP Request: GET http://host.docker.internal:1234/v1/models "HTTP/1.1 200 OK"
INFO:tinycua.cli.model_probe:max_context_probe_no_field fallback=128000
INFO:httpx:HTTP Request: POST http://host.docker.internal:1234/v1/chat/completions "HTTP/1.1 200 OK"
INFO:tinycua.loops.node:node=query_analyst record_output content_len=0
INFO:httpx:HTTP Request: POST http://host.docker.internal:1234/v1/chat/completions "HTTP/1.1 200 OK"
INFO:tinycua.loops.node:node=worker record_output content_len=0
INFO:httpx:HTTP Request: POST http://host.docker.internal:1234/v1/chat/completions "HTTP/1.1 200 OK"
INFO:tinycua.models.task:task_tree_mutation method=create_task root=eca64b37749a4d4a91b5d47eb3e628b8 active=eca64b37749a4d4a91b5d47eb3e628b8 completed=0/1 pending=1 in_progress=0
INFO:tinycua.loops.node:node=task_create record_output content_len=0
INFO:httpx:HTTP Request: POST http://host.docker.internal:1234/v1/chat/completions "HTTP/1.1 200 OK"
INFO:httpx:HTTP Request: POST http://host.docker.internal:1234/v1/chat/completions "HTTP/1.1 200 OK"
INFO:tinycua.loops.tinycua_loop:task_tool=task_update requested_task_id='eca64b37749a4d4a91b5d47eb3e628b8' resolved_task_id=None
INFO:httpx:HTTP Request: POST http://host.docker.internal:1234/v1/chat/completions "HTTP/1.1 200 OK"
INFO:tinycua.models.task:task_tree_mutation method=decompose_task root=eca64b37749a4d4a91b5d47eb3e628b8 active=e64fdd7f22454292907738c6e677a057 completed=0/6 pending=6 in_progress=0
  1. [pending] Create HTML skeleton with internal CSS and script
  2. [pending] Implement core clock drawing functions
  3. [pending] Implement time-derived hand rotation logic
  4. [pending] Render clock hands and frame scheduling
  5. [pending] Browser verification and final validation
INFO:tinycua.loops.node:node=task_analyzer record_output content_len=0
INFO:httpx:HTTP Request: POST http://host.docker.internal:1234/v1/chat/completions "HTTP/1.1 200 OK"
INFO:httpx:HTTP Request: POST http://host.docker.internal:1234/v1/chat/completions "HTTP/1.1 200 OK"
INFO:tinycua.loops.node:node=task_assessor record_output content_len=0
INFO:httpx:HTTP Request: POST http://host.docker.internal:1234/v1/chat/completions "HTTP/1.1 200 OK"
INFO:httpx:HTTP Request: POST http://host.docker.internal:1234/v1/chat/completions "HTTP/1.1 200 OK"
INFO:tinycua.loops.node:node=task_assessor record_output content_len=0
INFO:httpx:HTTP Request: POST http://host.docker.internal:1234/v1/chat/completions "HTTP/1.1 200 OK"
INFO:httpx:HTTP Request: POST http://host.docker.internal:1234/v1/chat/completions "HTTP/1.1 200 OK"
INFO:tinycua.loops.node:node=task_assessor record_output content_len=0
INFO:httpx:HTTP Request: POST http://host.docker.internal:1234/v1/chat/completions "HTTP/1.1 200 OK"
INFO:httpx:HTTP Request: POST http://host.docker.internal:1234/v1/chat/completions "HTTP/1.1 200 OK"
INFO:httpx:HTTP Request: POST http://host.docker.internal:1234/v1/chat/completions "HTTP/1.1 200 OK"
INFO:httpx:HTTP Request: POST http://host.docker.internal:1234/v1/chat/completions "HTTP/1.1 200 OK"
INFO:httpx:HTTP Request: POST http://host.docker.internal:1234/v1/chat/completions "HTTP/1.1 200 OK"
INFO:httpx:HTTP Request: POST http://host.docker.internal:1234/v1/chat/completions "HTTP/1.1 200 OK"
INFO:httpx:HTTP Request: POST http://host.docker.internal:1234/v1/chat/completions "HTTP/1.1 200 OK"
INFO:tinycua.models.task:task_tree_mutation method=transition root=eca64b37749a4d4a91b5d47eb3e628b8 active=e64fdd7f22454292907738c6e677a057 completed=0/6 pending=5 in_progress=1
  1. [in_progress] Create HTML skeleton with internal CSS and script
  2. [pending] Implement core clock drawing functions
  3. [pending] Implement time-derived hand rotation logic
  4. [pending] Render clock hands and frame scheduling
  5. [pending] Browser verification and final validation
INFO:tinycua.models.task:task_tree_mutation method=record_result root=eca64b37749a4d4a91b5d47eb3e628b8 active=e64fdd7f22454292907738c6e677a057 completed=0/6 pending=5 in_progress=1
  1. [in_progress] Create HTML skeleton with internal CSS and script ✓
  2. [pending] Implement core clock drawing functions
  3. [pending] Implement time-derived hand rotation logic
  4. [pending] Render clock hands and frame scheduling
  5. [pending] Browser verification and final validation
INFO:tinycua.loops.tinycua_loop:task_tool=task_result_update requested_task_id=None resolved_task_id='e64fdd7f22454292907738c6e677a057'
INFO:tinycua.loops.node:node=task_executor record_output content_len=210
INFO:httpx:HTTP Request: POST http://host.docker.internal:1234/v1/chat/completions "HTTP/1.1 200 OK"
INFO:httpx:HTTP Request: POST http://host.docker.internal:1234/v1/chat/completions "HTTP/1.1 200 OK"
INFO:tinycua.loops.tinycua_loop:task_tool=task_review_decision requested_task_id=None resolved_task_id=None
INFO:httpx:HTTP Request: POST http://host.docker.internal:1234/v1/chat/completions "HTTP/1.1 200 OK"
INFO:tinycua.loops.tinycua_loop:task_tool=task_review_decision requested_task_id=None resolved_task_id='e64fdd7f22454292907738c6e677a057'
INFO:tinycua.models.task:task_tree_mutation method=transition root=eca64b37749a4d4a91b5d47eb3e628b8 active=982cf1b9a3614273b538f64d77b9535f completed=1/6 pending=5 in_progress=0
  1. [completed] Create HTML skeleton with internal CSS and script ✓
  2. [pending] Implement core clock drawing functions
  3. [pending] Implement time-derived hand rotation logic
  4. [pending] Render clock hands and frame scheduling
  5. [pending] Browser verification and final validation
INFO:tinycua.models.task:task_tree_mutation method=record_reviewer_decision root=eca64b37749a4d4a91b5d47eb3e628b8 active=982cf1b9a3614273b538f64d77b9535f completed=1/6 pending=5 in_progress=0
  1. [completed] Create HTML skeleton with internal CSS and script ✓
  2. [pending] Implement core clock drawing functions
  3. [pending] Implement time-derived hand rotation logic
  4. [pending] Render clock hands and frame scheduling
  5. [pending] Browser verification and final validation
INFO:tinycua.loops.node:node=result_reviewer record_output content_len=0
INFO:httpx:HTTP Request: POST http://host.docker.internal:1234/v1/chat/completions "HTTP/1.1 200 OK"
INFO:httpx:HTTP Request: POST http://host.docker.internal:1234/v1/chat/completions "HTTP/1.1 200 OK"
INFO:httpx:HTTP Request: POST http://host.docker.internal:1234/v1/chat/completions "HTTP/1.1 200 OK"
INFO:httpx:HTTP Request: POST http://host.docker.internal:1234/v1/chat/completions "HTTP/1.1 200 OK"
INFO:httpx:HTTP Request: POST http://host.docker.internal:1234/v1/chat/completions "HTTP/1.1 200 OK"
INFO:tinycua.models.task:task_tree_mutation method=transition root=eca64b37749a4d4a91b5d47eb3e628b8 active=982cf1b9a3614273b538f64d77b9535f completed=1/6 pending=4 in_progress=1
  1. [completed] Create HTML skeleton with internal CSS and script ✓
  2. [in_progress] Implement core clock drawing functions
  3. [pending] Implement time-derived hand rotation logic
  4. [pending] Render clock hands and frame scheduling
  5. [pending] Browser verification and final validation
INFO:tinycua.models.task:task_tree_mutation method=record_result root=eca64b37749a4d4a91b5d47eb3e628b8 active=982cf1b9a3614273b538f64d77b9535f completed=1/6 pending=4 in_progress=1
  1. [completed] Create HTML skeleton with internal CSS and script ✓
  2. [in_progress] Implement core clock drawing functions ✓
  3. [pending] Implement time-derived hand rotation logic
  4. [pending] Render clock hands and frame scheduling
  5. [pending] Browser verification and final validation
INFO:tinycua.loops.tinycua_loop:task_tool=task_result_update requested_task_id=None resolved_task_id='982cf1b9a3614273b538f64d77b9535f'
INFO:tinycua.loops.node:node=task_executor record_output content_len=214
INFO:httpx:HTTP Request: POST http://host.docker.internal:1234/v1/chat/completions "HTTP/1.1 200 OK"
INFO:httpx:HTTP Request: POST http://host.docker.internal:1234/v1/chat/completions "HTTP/1.1 200 OK"
INFO:httpx:HTTP Request: POST http://host.docker.internal:1234/v1/chat/completions "HTTP/1.1 200 OK"
INFO:httpx:HTTP Request: POST http://host.docker.internal:1234/v1/chat/completions "HTTP/1.1 200 OK"
INFO:httpx:HTTP Request: POST http://host.docker.internal:1234/v1/chat/completions "HTTP/1.1 200 OK"
INFO:httpx:HTTP Request: POST http://host.docker.internal:1234/v1/chat/completions "HTTP/1.1 200 OK"
INFO:tinycua.loops.tinycua_loop:task_tool=task_review_decision requested_task_id=None resolved_task_id='982cf1b9a3614273b538f64d77b9535f'
INFO:tinycua.models.task:task_tree_mutation method=transition root=eca64b37749a4d4a91b5d47eb3e628b8 active=1eadd143217b4f03a8fb8682432b12a6 completed=2/6 pending=4 in_progress=0
  1. [completed] Create HTML skeleton with internal CSS and script ✓
  2. [completed] Implement core clock drawing functions ✓
  3. [pending] Implement time-derived hand rotation logic
  4. [pending] Render clock hands and frame scheduling
  5. [pending] Browser verification and final validation
INFO:tinycua.models.task:task_tree_mutation method=record_reviewer_decision root=eca64b37749a4d4a91b5d47eb3e628b8 active=1eadd143217b4f03a8fb8682432b12a6 completed=2/6 pending=4 in_progress=0
  1. [completed] Create HTML skeleton with internal CSS and script ✓
  2. [completed] Implement core clock drawing functions ✓
  3. [pending] Implement time-derived hand rotation logic
  4. [pending] Render clock hands and frame scheduling
  5. [pending] Browser verification and final validation
INFO:tinycua.loops.node:node=result_reviewer record_output content_len=0
INFO:httpx:HTTP Request: POST http://host.docker.internal:1234/v1/chat/completions "HTTP/1.1 200 OK"
INFO:httpx:HTTP Request: POST http://host.docker.internal:1234/v1/chat/completions "HTTP/1.1 200 OK"
INFO:httpx:HTTP Request: POST http://host.docker.internal:1234/v1/chat/completions "HTTP/1.1 200 OK"
INFO:httpx:HTTP Request: POST http://host.docker.internal:1234/v1/chat/completions "HTTP/1.1 200 OK"
INFO:httpx:HTTP Request: POST http://host.docker.internal:1234/v1/chat/completions "HTTP/1.1 200 OK"
INFO:httpx:HTTP Request: POST http://host.docker.internal:1234/v1/chat/completions "HTTP/1.1 200 OK"
INFO:httpx:HTTP Request: POST http://host.docker.internal:1234/v1/chat/completions "HTTP/1.1 200 OK"
INFO:tinycua.models.task:task_tree_mutation method=transition root=eca64b37749a4d4a91b5d47eb3e628b8 active=1eadd143217b4f03a8fb8682432b12a6 completed=2/6 pending=3 in_progress=1
  1. [completed] Create HTML skeleton with internal CSS and script ✓
  2. [completed] Implement core clock drawing functions ✓
  3. [in_progress] Implement time-derived hand rotation logic
  4. [pending] Render clock hands and frame scheduling
  5. [pending] Browser verification and final validation
INFO:tinycua.models.task:task_tree_mutation method=record_result root=eca64b37749a4d4a91b5d47eb3e628b8 active=1eadd143217b4f03a8fb8682432b12a6 completed=2/6 pending=3 in_progress=1
  1. [completed] Create HTML skeleton with internal CSS and script ✓
  2. [completed] Implement core clock drawing functions ✓
  3. [in_progress] Implement time-derived hand rotation logic ✓
  4. [pending] Render clock hands and frame scheduling
  5. [pending] Browser verification and final validation
INFO:tinycua.loops.tinycua_loop:task_tool=task_result_update requested_task_id=None resolved_task_id='1eadd143217b4f03a8fb8682432b12a6'
INFO:tinycua.loops.node:node=task_executor record_output content_len=349
INFO:httpx:HTTP Request: POST http://host.docker.internal:1234/v1/chat/completions "HTTP/1.1 200 OK"
INFO:httpx:HTTP Request: POST http://host.docker.internal:1234/v1/chat/completions "HTTP/1.1 200 OK"
INFO:httpx:HTTP Request: POST http://host.docker.internal:1234/v1/chat/completions "HTTP/1.1 200 OK"
INFO:httpx:HTTP Request: POST http://host.docker.internal:1234/v1/chat/completions "HTTP/1.1 200 OK"
INFO:httpx:HTTP Request: POST http://host.docker.internal:1234/v1/chat/completions "HTTP/1.1 200 OK"
INFO:httpx:HTTP Request: POST http://host.docker.internal:1234/v1/chat/completions "HTTP/1.1 200 OK"
INFO:tinycua.loops.tinycua_loop:task_tool=task_review_decision requested_task_id=None resolved_task_id='1eadd143217b4f03a8fb8682432b12a6'
INFO:tinycua.models.task:task_tree_mutation method=transition root=eca64b37749a4d4a91b5d47eb3e628b8 active=e41c7cab61ba46a4982cfd366512b5bf completed=3/6 pending=3 in_progress=0
  1. [completed] Create HTML skeleton with internal CSS and script ✓
  2. [completed] Implement core clock drawing functions ✓
  3. [completed] Implement time-derived hand rotation logic ✓
  4. [pending] Render clock hands and frame scheduling
  5. [pending] Browser verification and final validation
INFO:tinycua.models.task:task_tree_mutation method=record_reviewer_decision root=eca64b37749a4d4a91b5d47eb3e628b8 active=e41c7cab61ba46a4982cfd366512b5bf completed=3/6 pending=3 in_progress=0
  1. [completed] Create HTML skeleton with internal CSS and script ✓
  2. [completed] Implement core clock drawing functions ✓
  3. [completed] Implement time-derived hand rotation logic ✓
  4. [pending] Render clock hands and frame scheduling
  5. [pending] Browser verification and final validation
INFO:tinycua.loops.node:node=result_reviewer record_output content_len=0
INFO:httpx:HTTP Request: POST http://host.docker.internal:1234/v1/chat/completions "HTTP/1.1 200 OK"
INFO:httpx:HTTP Request: POST http://host.docker.internal:1234/v1/chat/completions "HTTP/1.1 200 OK"
INFO:httpx:HTTP Request: POST http://host.docker.internal:1234/v1/chat/completions "HTTP/1.1 200 OK"
INFO:httpx:HTTP Request: POST http://host.docker.internal:1234/v1/chat/completions "HTTP/1.1 200 OK"
INFO:httpx:HTTP Request: POST http://host.docker.internal:1234/v1/chat/completions "HTTP/1.1 200 OK"
INFO:httpx:HTTP Request: POST http://host.docker.internal:1234/v1/chat/completions "HTTP/1.1 200 OK"
INFO:tinycua.models.task:task_tree_mutation method=transition root=eca64b37749a4d4a91b5d47eb3e628b8 active=e41c7cab61ba46a4982cfd366512b5bf completed=3/6 pending=2 in_progress=1
  1. [completed] Create HTML skeleton with internal CSS and script ✓
  2. [completed] Implement core clock drawing functions ✓
  3. [completed] Implement time-derived hand rotation logic ✓
  4. [in_progress] Render clock hands and frame scheduling
  5. [pending] Browser verification and final validation
INFO:tinycua.models.task:task_tree_mutation method=record_result root=eca64b37749a4d4a91b5d47eb3e628b8 active=e41c7cab61ba46a4982cfd366512b5bf completed=3/6 pending=2 in_progress=1
  1. [completed] Create HTML skeleton with internal CSS and script ✓
  2. [completed] Implement core clock drawing functions ✓
  3. [completed] Implement time-derived hand rotation logic ✓
  4. [in_progress] Render clock hands and frame scheduling ✓
  5. [pending] Browser verification and final validation
INFO:tinycua.loops.tinycua_loop:task_tool=task_result_update requested_task_id=None resolved_task_id='e41c7cab61ba46a4982cfd366512b5bf'
INFO:tinycua.loops.node:node=task_executor record_output content_len=541
INFO:httpx:HTTP Request: POST http://host.docker.internal:1234/v1/chat/completions "HTTP/1.1 200 OK"
INFO:httpx:HTTP Request: POST http://host.docker.internal:1234/v1/chat/completions "HTTP/1.1 200 OK"
INFO:httpx:HTTP Request: POST http://host.docker.internal:1234/v1/chat/completions "HTTP/1.1 200 OK"
INFO:httpx:HTTP Request: POST http://host.docker.internal:1234/v1/chat/completions "HTTP/1.1 200 OK"
INFO:tinycua.loops.tinycua_loop:task_tool=task_review_decision requested_task_id=None resolved_task_id=None
INFO:httpx:HTTP Request: POST http://host.docker.internal:1234/v1/chat/completions "HTTP/1.1 200 OK"
INFO:tinycua.loops.tinycua_loop:task_tool=task_review_decision requested_task_id=None resolved_task_id=None
INFO:httpx:HTTP Request: POST http://host.docker.internal:1234/v1/chat/completions "HTTP/1.1 200 OK"
INFO:tinycua.loops.tinycua_loop:task_tool=task_review_decision requested_task_id=None resolved_task_id=None
INFO:httpx:HTTP Request: POST http://host.docker.internal:1234/v1/chat/completions "HTTP/1.1 200 OK"
INFO:tinycua.loops.tinycua_loop:task_tool=task_review_decision requested_task_id=None resolved_task_id='e41c7cab61ba46a4982cfd366512b5bf'
INFO:tinycua.models.task:task_tree_mutation method=transition root=eca64b37749a4d4a91b5d47eb3e628b8 active=cc4949e20c4a416b8522761d75c758ce completed=4/6 pending=2 in_progress=0
  1. [completed] Create HTML skeleton with internal CSS and script ✓
  2. [completed] Implement core clock drawing functions ✓
  3. [completed] Implement time-derived hand rotation logic ✓
  4. [completed] Render clock hands and frame scheduling ✓
  5. [pending] Browser verification and final validation
INFO:tinycua.models.task:task_tree_mutation method=record_reviewer_decision root=eca64b37749a4d4a91b5d47eb3e628b8 active=cc4949e20c4a416b8522761d75c758ce completed=4/6 pending=2 in_progress=0
  1. [completed] Create HTML skeleton with internal CSS and script ✓
  2. [completed] Implement core clock drawing functions ✓
  3. [completed] Implement time-derived hand rotation logic ✓
  4. [completed] Render clock hands and frame scheduling ✓
  5. [pending] Browser verification and final validation
INFO:tinycua.loops.node:node=result_reviewer record_output content_len=0
INFO:httpx:HTTP Request: POST http://host.docker.internal:1234/v1/chat/completions "HTTP/1.1 200 OK"
INFO:httpx:HTTP Request: POST http://host.docker.internal:1234/v1/chat/completions "HTTP/1.1 200 OK"
INFO:httpx:HTTP Request: POST http://host.docker.internal:1234/v1/chat/completions "HTTP/1.1 200 OK"
INFO:httpx:HTTP Request: POST http://host.docker.internal:1234/v1/chat/completions "HTTP/1.1 200 OK"
INFO:httpx:HTTP Request: POST http://host.docker.internal:1234/v1/chat/completions "HTTP/1.1 200 OK"
INFO:httpx:HTTP Request: POST http://host.docker.internal:1234/v1/chat/completions "HTTP/1.1 200 OK"
INFO:httpx:HTTP Request: POST http://host.docker.internal:1234/v1/chat/completions "HTTP/1.1 200 OK"
INFO:httpx:HTTP Request: POST http://host.docker.internal:1234/v1/chat/completions "HTTP/1.1 200 OK"
INFO:httpx:HTTP Request: POST http://host.docker.internal:1234/v1/chat/completions "HTTP/1.1 200 OK"
INFO:tinycua.models.task:task_tree_mutation method=transition root=eca64b37749a4d4a91b5d47eb3e628b8 active=cc4949e20c4a416b8522761d75c758ce completed=4/6 pending=1 in_progress=1
  1. [completed] Create HTML skeleton with internal CSS and script ✓
  2. [completed] Implement core clock drawing functions ✓
  3. [completed] Implement time-derived hand rotation logic ✓
  4. [completed] Render clock hands and frame scheduling ✓
  5. [in_progress] Browser verification and final validation
INFO:tinycua.models.task:task_tree_mutation method=record_result root=eca64b37749a4d4a91b5d47eb3e628b8 active=cc4949e20c4a416b8522761d75c758ce completed=4/6 pending=1 in_progress=1
  1. [completed] Create HTML skeleton with internal CSS and script ✓
  2. [completed] Implement core clock drawing functions ✓
  3. [completed] Implement time-derived hand rotation logic ✓
  4. [completed] Render clock hands and frame scheduling ✓
  5. [in_progress] Browser verification and final validation ✓
INFO:tinycua.loops.tinycua_loop:task_tool=task_result_update requested_task_id=None resolved_task_id='cc4949e20c4a416b8522761d75c758ce'
INFO:tinycua.loops.node:node=task_executor record_output content_len=318
INFO:httpx:HTTP Request: POST http://host.docker.internal:1234/v1/chat/completions "HTTP/1.1 200 OK"
INFO:tinycua.loops.tinycua_loop:task_tool=task_review_decision requested_task_id=None resolved_task_id=None
INFO:httpx:HTTP Request: POST http://host.docker.internal:1234/v1/chat/completions "HTTP/1.1 200 OK"
INFO:tinycua.loops.tinycua_loop:task_tool=task_review_decision requested_task_id=None resolved_task_id='cc4949e20c4a416b8522761d75c758ce'
INFO:tinycua.models.task:task_tree_mutation method=transition root=eca64b37749a4d4a91b5d47eb3e628b8 active=eca64b37749a4d4a91b5d47eb3e628b8 completed=5/6 pending=1 in_progress=0
  1. [completed] Create HTML skeleton with internal CSS and script ✓
  2. [completed] Implement core clock drawing functions ✓
  3. [completed] Implement time-derived hand rotation logic ✓
  4. [completed] Render clock hands and frame scheduling ✓
  5. [completed] Browser verification and final validation ✓
INFO:tinycua.models.task:task_tree_mutation method=record_reviewer_decision root=eca64b37749a4d4a91b5d47eb3e628b8 active=eca64b37749a4d4a91b5d47eb3e628b8 completed=5/6 pending=0 in_progress=1
  1. [completed] Create HTML skeleton with internal CSS and script ✓
  2. [completed] Implement core clock drawing functions ✓
  3. [completed] Implement time-derived hand rotation logic ✓
  4. [completed] Render clock hands and frame scheduling ✓
  5. [completed] Browser verification and final validation ✓
INFO:tinycua.loops.node:node=result_reviewer record_output content_len=0
INFO:httpx:HTTP Request: POST http://host.docker.internal:1234/v1/chat/completions "HTTP/1.1 200 OK"
INFO:httpx:HTTP Request: POST http://host.docker.internal:1234/v1/chat/completions "HTTP/1.1 200 OK"
INFO:httpx:HTTP Request: POST http://host.docker.internal:1234/v1/chat/completions "HTTP/1.1 200 OK"
INFO:httpx:HTTP Request: POST http://host.docker.internal:1234/v1/chat/completions "HTTP/1.1 200 OK"
INFO:tinycua.models.task:task_tree_mutation method=record_result root=eca64b37749a4d4a91b5d47eb3e628b8 active=eca64b37749a4d4a91b5d47eb3e628b8 completed=5/6 pending=0 in_progress=1
  1. [completed] Create HTML skeleton with internal CSS and script ✓
  2. [completed] Implement core clock drawing functions ✓
  3. [completed] Implement time-derived hand rotation logic ✓
  4. [completed] Render clock hands and frame scheduling ✓
  5. [completed] Browser verification and final validation ✓
INFO:tinycua.loops.tinycua_loop:task_tool=task_result_update requested_task_id=None resolved_task_id='eca64b37749a4d4a91b5d47eb3e628b8'
INFO:tinycua.loops.node:node=task_executor record_output content_len=403
INFO:httpx:HTTP Request: POST http://host.docker.internal:1234/v1/chat/completions "HTTP/1.1 200 OK"
INFO:httpx:HTTP Request: POST http://host.docker.internal:1234/v1/chat/completions "HTTP/1.1 200 OK"
INFO:tinycua.loops.tinycua_loop:task_tool=task_review_decision requested_task_id=None resolved_task_id=None
INFO:httpx:HTTP Request: POST http://host.docker.internal:1234/v1/chat/completions "HTTP/1.1 200 OK"
INFO:tinycua.loops.tinycua_loop:task_tool=task_review_decision requested_task_id=None resolved_task_id='eca64b37749a4d4a91b5d47eb3e628b8'
INFO:tinycua.models.task:task_tree_mutation method=transition root=eca64b37749a4d4a91b5d47eb3e628b8 active=none completed=6/6 pending=0 in_progress=0
  1. [completed] Create HTML skeleton with internal CSS and script ✓
  2. [completed] Implement core clock drawing functions ✓
  3. [completed] Implement time-derived hand rotation logic ✓
  4. [completed] Render clock hands and frame scheduling ✓
  5. [completed] Browser verification and final validation ✓
INFO:tinycua.models.task:task_tree_mutation method=record_reviewer_decision root=eca64b37749a4d4a91b5d47eb3e628b8 active=none completed=6/6 pending=0 in_progress=0
  1. [completed] Create HTML skeleton with internal CSS and script ✓
  2. [completed] Implement core clock drawing functions ✓
  3. [completed] Implement time-derived hand rotation logic ✓
  4. [completed] Render clock hands and frame scheduling ✓
  5. [completed] Browser verification and final validation ✓
INFO:tinycua.loops.node:node=result_reviewer record_output content_len=0
INFO:httpx:HTTP Request: POST http://host.docker.internal:1234/v1/chat/completions "HTTP/1.1 200 OK"
INFO:tinycua.loops.node:node=result_aggregation record_output content_len=0
INFO:httpx:HTTP Request: POST http://host.docker.internal:1234/v1/chat/completions "HTTP/1.1 200 OK"
INFO:tinycua.loops.node:node=response record_output content_len=902
Agent completed in 297.4s
=== NODE TRAVERSAL ===
query_analyst
worker
task_create
task_analyzer
analysis_effort
task_assessor
analysis_effort
task_assessor
analysis_effort
task_assessor
task_executor
result_reviewer
task_executor
result_reviewer
task_executor
result_reviewer
task_executor
result_reviewer
task_executor
result_reviewer
task_executor
result_reviewer
result_aggregation
response

=== TRACE ===
[1] query_analyst (TinyCUAQueryAnalystNode) route=worker terminal=False

[2] worker (TinyCUAWorkerNode) route=task_creation terminal=False

[3] task_create (TinyCUATaskCreateNode) route=None terminal=False

[4] task_analyzer (TinyCUATaskAnalyzerNode) route=None terminal=False

[5] analysis_effort (TinyCUAAnalysisEffortNode) route=None terminal=False

[6] task_assessor (TinyCUATaskAssessorNode) route=None terminal=False

[7] analysis_effort (TinyCUAAnalysisEffortNode) route=None terminal=False

[8] task_assessor (TinyCUATaskAssessorNode) route=None terminal=False

[9] analysis_effort (TinyCUAAnalysisEffortNode) route=None terminal=False

[10] task_assessor (TinyCUATaskAssessorNode) route=None terminal=False

[11] task_executor (TinyCUATaskExecutorNode) route=None terminal=False

[12] result_reviewer (TinyCUAResultReviewerNode) route=None terminal=False

[13] task_executor (TinyCUATaskExecutorNode) route=None terminal=False

[14] result_reviewer (TinyCUAResultReviewerNode) route=None terminal=False

[15] task_executor (TinyCUATaskExecutorNode) route=None terminal=False

[16] result_reviewer (TinyCUAResultReviewerNode) route=None terminal=False

[17] task_executor (TinyCUATaskExecutorNode) route=None terminal=False

[18] result_reviewer (TinyCUAResultReviewerNode) route=None terminal=False

[19] task_executor (TinyCUATaskExecutorNode) route=None terminal=False

[20] result_reviewer (TinyCUAResultReviewerNode) route=None terminal=False

[21] task_executor (TinyCUATaskExecutorNode) route=None terminal=False

[22] result_reviewer (TinyCUAResultReviewerNode) route=None terminal=False

[23] result_aggregation (TinyCUAResultAggregationNode) route=None terminal=False

[24] response (ResponseNode) route=None terminal=True

=== FINAL RESPONSE ===
# Analog Clock Application - Complete ✅

A self-contained analog clock web application has been successfully created and verified.

## Key Artifacts
- **File**: `/workspace/clock.html/clock.html` (self-contained HTML file)

## Implementation Highlights
1. **Canvas-based rendering** with internal CSS styling
2. **Three distinct clock hands**:
   - Hour hand: 5px black
   - Minute hand: 4px gray  
   - Second hand: 2px red
3. **Time-derived rotation logic** using system time (seconds × 6°, minutes × 6° + seconds/60, hours × 30° + minutes/60)
4. **requestAnimationFrame** loop for smooth 60fps rendering
5. **12 hour markers** positioned around the clock face

## Verification Status ✅
- Browser verification passed
- Self-contained file with no external dependencies
- All acceptance criteria satisfied

The clock displays real-time system time with animated hand rotation and updates every second.
=== TASK TREE ===
Root (goal): Create analog clock HTML app
Task list (in execution order, numbered):

1. Task [completed] Create HTML skeleton with internal CSS and script
2. Task [completed] Implement core clock drawing functions
3. Task [completed] Implement time-derived hand rotation logic
4. Task [completed] Render clock hands and frame scheduling
5. Task [completed] Browser verification and final validation

=== WORKSPACE FILES ===
- .agent_scripts/README.md
- .agent_scripts/browser.py
- .agent_scripts/browser.sh
- .agent_scripts/search.sh
- TASK.md
- clock.html/clock.html
- clock.html/index.html
=== workspace/export/create ===
=== workspace/export/copy ===
=== workspace/export/remove ===
=== workspace/seed/create ===
=== workspace/seed/copy ===
=== workspace/seed/remove ===
=== evaluator ===
clock_loads: clock.html loads in Chromium
clock_surface: [Errno 21] Is a directory: '/submission/clock.html'
second_hand: [Errno 21] Is a directory: '/submission/clock.html'
minute_hand: [Errno 21] Is a directory: '/submission/clock.html'
hour_hand: [Errno 21] Is a directory: '/submission/clock.html'
second_updates_clockwise: [Errno 21] Is a directory: '/submission/clock.html'
minute_updates_clockwise: [Errno 21] Is a directory: '/submission/clock.html'
hour_updates_clockwise: [Errno 21] Is a directory: '/submission/clock.html'
self_contained: [Errno 21] Is a directory: '/submission/clock.html'
=== workspace/export/create ===
=== workspace/export/copy ===
=== workspace/export/remove ===
