=== workspace/seed/create ===
=== workspace/seed/copy ===
=== workspace/seed/remove ===
=== agent ===
 Container experiment-searxng-1 Running 
 Container experiment-searxng-1 Waiting 
 Container experiment-searxng-1 Healthy 
 Container tinycua-template-agent-1eb78b68-d840-4e0d-9437-3a674c0194d3-6578706572696d656e742d34-74696e796375612d6e642d6e72 Creating 
 Container tinycua-template-agent-1eb78b68-d840-4e0d-9437-3a674c0194d3-6578706572696d656e742d34-74696e796375612d6e642d6e72 Created 
INFO:httpx:HTTP Request: GET http://host.docker.internal:1234/v1/models "HTTP/1.1 200 OK"
INFO:tinycua.cli.model_probe:max_context_probe_no_field fallback=128000
INFO:httpx:HTTP Request: POST http://host.docker.internal:1234/v1/chat/completions "HTTP/1.1 200 OK"
INFO:tinycua.loops.node:node=query_analyst record_output content_len=0
INFO:httpx:HTTP Request: POST http://host.docker.internal:1234/v1/chat/completions "HTTP/1.1 200 OK"
INFO:tinycua.loops.node:node=worker record_output content_len=0
INFO:httpx:HTTP Request: POST http://host.docker.internal:1234/v1/chat/completions "HTTP/1.1 200 OK"
INFO:tinycua.models.task:task_tree_mutation method=create_task root=ce6f1961302048f68b6071619ae9abc3 active=ce6f1961302048f68b6071619ae9abc3 completed=0/1 pending=1 in_progress=0
INFO:tinycua.loops.node:node=task_create record_output content_len=0
INFO:httpx:HTTP Request: POST http://host.docker.internal:1234/v1/chat/completions "HTTP/1.1 200 OK"
INFO:httpx:HTTP Request: POST http://host.docker.internal:1234/v1/chat/completions "HTTP/1.1 200 OK"
INFO:httpx:HTTP Request: POST http://host.docker.internal:1234/v1/chat/completions "HTTP/1.1 200 OK"
INFO:httpx:HTTP Request: POST http://host.docker.internal:1234/v1/chat/completions "HTTP/1.1 200 OK"
INFO:tinycua.models.task:task_tree_mutation method=decompose_task root=ce6f1961302048f68b6071619ae9abc3 active=53822d428b9542d5b2451acfae437085 completed=0/6 pending=6 in_progress=0
  1. [pending] Initialize project structure and dependencies
  2. [pending] Implement SQLite database schema and initialization
  3. [pending] Build Flask backend API endpoints
  4. [pending] Develop web UI frontend with text block editor
  5. [pending] Create start.sh orchestration script
INFO:tinycua.loops.node:node=task_analyzer record_output content_len=0
INFO:httpx:HTTP Request: POST http://host.docker.internal:1234/v1/chat/completions "HTTP/1.1 200 OK"
INFO:httpx:HTTP Request: POST http://host.docker.internal:1234/v1/chat/completions "HTTP/1.1 200 OK"
INFO:httpx:HTTP Request: POST http://host.docker.internal:1234/v1/chat/completions "HTTP/1.1 200 OK"
INFO:httpx:HTTP Request: POST http://host.docker.internal:1234/v1/chat/completions "HTTP/1.1 200 OK"
INFO:tinycua.loops.node:node=task_assessor record_output content_len=0
INFO:httpx:HTTP Request: POST http://host.docker.internal:1234/v1/chat/completions "HTTP/1.1 200 OK"
INFO:httpx:HTTP Request: POST http://host.docker.internal:1234/v1/chat/completions "HTTP/1.1 200 OK"
INFO:tinycua.loops.node:node=task_assessor record_output content_len=1710
INFO:httpx:HTTP Request: POST http://host.docker.internal:1234/v1/chat/completions "HTTP/1.1 200 OK"
INFO:httpx:HTTP Request: POST http://host.docker.internal:1234/v1/chat/completions "HTTP/1.1 200 OK"
INFO:httpx:HTTP Request: POST http://host.docker.internal:1234/v1/chat/completions "HTTP/1.1 200 OK"
INFO:tinycua.loops.node:node=task_assessor record_output content_len=0
INFO:httpx:HTTP Request: POST http://host.docker.internal:1234/v1/chat/completions "HTTP/1.1 200 OK"
INFO:httpx:HTTP Request: POST http://host.docker.internal:1234/v1/chat/completions "HTTP/1.1 200 OK"
INFO:httpx:HTTP Request: POST http://host.docker.internal:1234/v1/chat/completions "HTTP/1.1 200 OK"
INFO:httpx:HTTP Request: POST http://host.docker.internal:1234/v1/chat/completions "HTTP/1.1 200 OK"
INFO:httpx:HTTP Request: POST http://host.docker.internal:1234/v1/chat/completions "HTTP/1.1 200 OK"
INFO:httpx:HTTP Request: POST http://host.docker.internal:1234/v1/chat/completions "HTTP/1.1 200 OK"
INFO:httpx:HTTP Request: POST http://host.docker.internal:1234/v1/chat/completions "HTTP/1.1 200 OK"
INFO:httpx:HTTP Request: POST http://host.docker.internal:1234/v1/chat/completions "HTTP/1.1 200 OK"
INFO:tinycua.models.task:task_tree_mutation method=transition root=ce6f1961302048f68b6071619ae9abc3 active=53822d428b9542d5b2451acfae437085 completed=0/6 pending=5 in_progress=1
  1. [in_progress] Initialize project structure and dependencies
  2. [pending] Implement SQLite database schema and initialization
  3. [pending] Build Flask backend API endpoints
  4. [pending] Develop web UI frontend with text block editor
  5. [pending] Create start.sh orchestration script
INFO:tinycua.models.task:task_tree_mutation method=record_result root=ce6f1961302048f68b6071619ae9abc3 active=53822d428b9542d5b2451acfae437085 completed=0/6 pending=5 in_progress=1
  1. [in_progress] Initialize project structure and dependencies ✓
  2. [pending] Implement SQLite database schema and initialization
  3. [pending] Build Flask backend API endpoints
  4. [pending] Develop web UI frontend with text block editor
  5. [pending] Create start.sh orchestration script
INFO:tinycua.loops.tinycua_loop:task_tool=task_result_update requested_task_id=None resolved_task_id='53822d428b9542d5b2451acfae437085'
INFO:tinycua.loops.node:node=task_executor record_output content_len=291
INFO:tinycua.models.task:task_tree_mutation method=transition root=ce6f1961302048f68b6071619ae9abc3 active=6873609786cc405f8150d2df00942dc4 completed=1/6 pending=5 in_progress=0
  1. [completed] Initialize project structure and dependencies ✓
  2. [pending] Implement SQLite database schema and initialization
  3. [pending] Build Flask backend API endpoints
  4. [pending] Develop web UI frontend with text block editor
  5. [pending] Create start.sh orchestration script
INFO:httpx:HTTP Request: POST http://host.docker.internal:1234/v1/chat/completions "HTTP/1.1 200 OK"
INFO:httpx:HTTP Request: POST http://host.docker.internal:1234/v1/chat/completions "HTTP/1.1 200 OK"
INFO:httpx:HTTP Request: POST http://host.docker.internal:1234/v1/chat/completions "HTTP/1.1 200 OK"
INFO:httpx:HTTP Request: POST http://host.docker.internal:1234/v1/chat/completions "HTTP/1.1 200 OK"
INFO:httpx:HTTP Request: POST http://host.docker.internal:1234/v1/chat/completions "HTTP/1.1 200 OK"
INFO:httpx:HTTP Request: POST http://host.docker.internal:1234/v1/chat/completions "HTTP/1.1 200 OK"
INFO:tinycua.models.task:task_tree_mutation method=transition root=ce6f1961302048f68b6071619ae9abc3 active=6873609786cc405f8150d2df00942dc4 completed=1/6 pending=4 in_progress=1
  1. [completed] Initialize project structure and dependencies ✓
  2. [in_progress] Implement SQLite database schema and initialization
  3. [pending] Build Flask backend API endpoints
  4. [pending] Develop web UI frontend with text block editor
  5. [pending] Create start.sh orchestration script
INFO:tinycua.models.task:task_tree_mutation method=record_result root=ce6f1961302048f68b6071619ae9abc3 active=6873609786cc405f8150d2df00942dc4 completed=1/6 pending=4 in_progress=1
  1. [completed] Initialize project structure and dependencies ✓
  2. [in_progress] Implement SQLite database schema and initialization ✓
  3. [pending] Build Flask backend API endpoints
  4. [pending] Develop web UI frontend with text block editor
  5. [pending] Create start.sh orchestration script
INFO:tinycua.loops.tinycua_loop:task_tool=task_result_update requested_task_id=None resolved_task_id='6873609786cc405f8150d2df00942dc4'
INFO:tinycua.loops.node:node=task_executor record_output content_len=359
INFO:tinycua.models.task:task_tree_mutation method=transition root=ce6f1961302048f68b6071619ae9abc3 active=841eeaf8d5b7472fa1944366f89b31f8 completed=2/6 pending=4 in_progress=0
  1. [completed] Initialize project structure and dependencies ✓
  2. [completed] Implement SQLite database schema and initialization ✓
  3. [pending] Build Flask backend API endpoints
  4. [pending] Develop web UI frontend with text block editor
  5. [pending] Create start.sh orchestration script
INFO:httpx:HTTP Request: POST http://host.docker.internal:1234/v1/chat/completions "HTTP/1.1 200 OK"
INFO:httpx:HTTP Request: POST http://host.docker.internal:1234/v1/chat/completions "HTTP/1.1 200 OK"
INFO:httpx:HTTP Request: POST http://host.docker.internal:1234/v1/chat/completions "HTTP/1.1 200 OK"
INFO:httpx:HTTP Request: POST http://host.docker.internal:1234/v1/chat/completions "HTTP/1.1 200 OK"
INFO:httpx:HTTP Request: POST http://host.docker.internal:1234/v1/chat/completions "HTTP/1.1 200 OK"
INFO:httpx:HTTP Request: POST http://host.docker.internal:1234/v1/chat/completions "HTTP/1.1 200 OK"
INFO:httpx:HTTP Request: POST http://host.docker.internal:1234/v1/chat/completions "HTTP/1.1 200 OK"
INFO:tinycua.models.task:task_tree_mutation method=transition root=ce6f1961302048f68b6071619ae9abc3 active=841eeaf8d5b7472fa1944366f89b31f8 completed=2/6 pending=3 in_progress=1
  1. [completed] Initialize project structure and dependencies ✓
  2. [completed] Implement SQLite database schema and initialization ✓
  3. [in_progress] Build Flask backend API endpoints
  4. [pending] Develop web UI frontend with text block editor
  5. [pending] Create start.sh orchestration script
INFO:tinycua.models.task:task_tree_mutation method=record_result root=ce6f1961302048f68b6071619ae9abc3 active=841eeaf8d5b7472fa1944366f89b31f8 completed=2/6 pending=3 in_progress=1
  1. [completed] Initialize project structure and dependencies ✓
  2. [completed] Implement SQLite database schema and initialization ✓
  3. [in_progress] Build Flask backend API endpoints ✓
  4. [pending] Develop web UI frontend with text block editor
  5. [pending] Create start.sh orchestration script
INFO:tinycua.loops.tinycua_loop:task_tool=task_result_update requested_task_id=None resolved_task_id='841eeaf8d5b7472fa1944366f89b31f8'
INFO:tinycua.loops.node:node=task_executor record_output content_len=281
INFO:tinycua.models.task:task_tree_mutation method=transition root=ce6f1961302048f68b6071619ae9abc3 active=a0c8cb9212f843e1980c3556f3389491 completed=3/6 pending=3 in_progress=0
  1. [completed] Initialize project structure and dependencies ✓
  2. [completed] Implement SQLite database schema and initialization ✓
  3. [completed] Build Flask backend API endpoints ✓
  4. [pending] Develop web UI frontend with text block editor
  5. [pending] Create start.sh orchestration script
INFO:httpx:HTTP Request: POST http://host.docker.internal:1234/v1/chat/completions "HTTP/1.1 200 OK"
INFO:httpx:HTTP Request: POST http://host.docker.internal:1234/v1/chat/completions "HTTP/1.1 200 OK"
INFO:httpx:HTTP Request: POST http://host.docker.internal:1234/v1/chat/completions "HTTP/1.1 200 OK"
INFO:httpx:HTTP Request: POST http://host.docker.internal:1234/v1/chat/completions "HTTP/1.1 200 OK"
INFO:tinycua.models.task:task_tree_mutation method=transition root=ce6f1961302048f68b6071619ae9abc3 active=a0c8cb9212f843e1980c3556f3389491 completed=3/6 pending=2 in_progress=1
  1. [completed] Initialize project structure and dependencies ✓
  2. [completed] Implement SQLite database schema and initialization ✓
  3. [completed] Build Flask backend API endpoints ✓
  4. [in_progress] Develop web UI frontend with text block editor
  5. [pending] Create start.sh orchestration script
INFO:tinycua.models.task:task_tree_mutation method=record_result root=ce6f1961302048f68b6071619ae9abc3 active=a0c8cb9212f843e1980c3556f3389491 completed=3/6 pending=2 in_progress=1
  1. [completed] Initialize project structure and dependencies ✓
  2. [completed] Implement SQLite database schema and initialization ✓
  3. [completed] Build Flask backend API endpoints ✓
  4. [in_progress] Develop web UI frontend with text block editor ✓
  5. [pending] Create start.sh orchestration script
INFO:tinycua.loops.tinycua_loop:task_tool=task_result_update requested_task_id=None resolved_task_id='a0c8cb9212f843e1980c3556f3389491'
INFO:tinycua.loops.node:node=task_executor record_output content_len=394
INFO:tinycua.models.task:task_tree_mutation method=transition root=ce6f1961302048f68b6071619ae9abc3 active=dbfb08e1f1e34d92ac1be86cf2f920c9 completed=4/6 pending=2 in_progress=0
  1. [completed] Initialize project structure and dependencies ✓
  2. [completed] Implement SQLite database schema and initialization ✓
  3. [completed] Build Flask backend API endpoints ✓
  4. [completed] Develop web UI frontend with text block editor ✓
  5. [pending] Create start.sh orchestration script
INFO:httpx:HTTP Request: POST http://host.docker.internal:1234/v1/chat/completions "HTTP/1.1 200 OK"
INFO:httpx:HTTP Request: POST http://host.docker.internal:1234/v1/chat/completions "HTTP/1.1 200 OK"
INFO:httpx:HTTP Request: POST http://host.docker.internal:1234/v1/chat/completions "HTTP/1.1 200 OK"
INFO:httpx:HTTP Request: POST http://host.docker.internal:1234/v1/chat/completions "HTTP/1.1 200 OK"
INFO:httpx:HTTP Request: POST http://host.docker.internal:1234/v1/chat/completions "HTTP/1.1 200 OK"
INFO:httpx:HTTP Request: POST http://host.docker.internal:1234/v1/chat/completions "HTTP/1.1 200 OK"
INFO:httpx:HTTP Request: POST http://host.docker.internal:1234/v1/chat/completions "HTTP/1.1 200 OK"
INFO:tinycua.models.task:task_tree_mutation method=transition root=ce6f1961302048f68b6071619ae9abc3 active=dbfb08e1f1e34d92ac1be86cf2f920c9 completed=4/6 pending=1 in_progress=1
  1. [completed] Initialize project structure and dependencies ✓
  2. [completed] Implement SQLite database schema and initialization ✓
  3. [completed] Build Flask backend API endpoints ✓
  4. [completed] Develop web UI frontend with text block editor ✓
  5. [in_progress] Create start.sh orchestration script
INFO:tinycua.models.task:task_tree_mutation method=record_result root=ce6f1961302048f68b6071619ae9abc3 active=dbfb08e1f1e34d92ac1be86cf2f920c9 completed=4/6 pending=1 in_progress=1
  1. [completed] Initialize project structure and dependencies ✓
  2. [completed] Implement SQLite database schema and initialization ✓
  3. [completed] Build Flask backend API endpoints ✓
  4. [completed] Develop web UI frontend with text block editor ✓
  5. [in_progress] Create start.sh orchestration script ✓
INFO:tinycua.loops.tinycua_loop:task_tool=task_result_update requested_task_id=None resolved_task_id='dbfb08e1f1e34d92ac1be86cf2f920c9'
INFO:tinycua.loops.node:node=task_executor record_output content_len=329
INFO:tinycua.models.task:task_tree_mutation method=transition root=ce6f1961302048f68b6071619ae9abc3 active=ce6f1961302048f68b6071619ae9abc3 completed=5/6 pending=1 in_progress=0
  1. [completed] Initialize project structure and dependencies ✓
  2. [completed] Implement SQLite database schema and initialization ✓
  3. [completed] Build Flask backend API endpoints ✓
  4. [completed] Develop web UI frontend with text block editor ✓
  5. [completed] Create start.sh orchestration script ✓
INFO:httpx:HTTP Request: POST http://host.docker.internal:1234/v1/chat/completions "HTTP/1.1 200 OK"
INFO:httpx:HTTP Request: POST http://host.docker.internal:1234/v1/chat/completions "HTTP/1.1 200 OK"
INFO:httpx:HTTP Request: POST http://host.docker.internal:1234/v1/chat/completions "HTTP/1.1 200 OK"
INFO:httpx:HTTP Request: POST http://host.docker.internal:1234/v1/chat/completions "HTTP/1.1 200 OK"
INFO:httpx:HTTP Request: POST http://host.docker.internal:1234/v1/chat/completions "HTTP/1.1 200 OK"
INFO:httpx:HTTP Request: POST http://host.docker.internal:1234/v1/chat/completions "HTTP/1.1 200 OK"
INFO:httpx:HTTP Request: POST http://host.docker.internal:1234/v1/chat/completions "HTTP/1.1 200 OK"
INFO:tinycua.models.task:task_tree_mutation method=record_result root=ce6f1961302048f68b6071619ae9abc3 active=ce6f1961302048f68b6071619ae9abc3 completed=5/6 pending=0 in_progress=1
  1. [completed] Initialize project structure and dependencies ✓
  2. [completed] Implement SQLite database schema and initialization ✓
  3. [completed] Build Flask backend API endpoints ✓
  4. [completed] Develop web UI frontend with text block editor ✓
  5. [completed] Create start.sh orchestration script ✓
INFO:tinycua.loops.tinycua_loop:task_tool=task_result_update requested_task_id=None resolved_task_id='ce6f1961302048f68b6071619ae9abc3'
INFO:tinycua.loops.node:node=task_executor record_output content_len=422
INFO:tinycua.models.task:task_tree_mutation method=transition root=ce6f1961302048f68b6071619ae9abc3 active=none completed=6/6 pending=0 in_progress=0
  1. [completed] Initialize project structure and dependencies ✓
  2. [completed] Implement SQLite database schema and initialization ✓
  3. [completed] Build Flask backend API endpoints ✓
  4. [completed] Develop web UI frontend with text block editor ✓
  5. [completed] Create start.sh orchestration script ✓
INFO:httpx:HTTP Request: POST http://host.docker.internal:1234/v1/chat/completions "HTTP/1.1 200 OK"
INFO:tinycua.loops.node:node=result_aggregation record_output content_len=0
INFO:httpx:HTTP Request: POST http://host.docker.internal:1234/v1/chat/completions "HTTP/1.1 200 OK"
INFO:tinycua.loops.node:node=response record_output content_len=1561
Agent completed in 266.0s
=== NODE TRAVERSAL ===
query_analyst
worker
task_create
task_analyzer
analysis_effort
task_assessor
analysis_effort
task_assessor
analysis_effort
task_assessor
task_executor (×6)
result_aggregation
response

=== TRACE ===
[1] query_analyst (TinyCUAQueryAnalystNode) route=worker terminal=False

[2] worker (TinyCUAWorkerNode) route=task_creation terminal=False

[3] task_create (TinyCUATaskCreateNode) route=None terminal=False

[4] task_analyzer (TinyCUATaskAnalyzerNode) route=None terminal=False

[5] analysis_effort (TinyCUAAnalysisEffortNode) route=None terminal=False

[6] task_assessor (TinyCUATaskAssessorNode) route=None terminal=False

[7] analysis_effort (TinyCUAAnalysisEffortNode) route=None terminal=False

[8] task_assessor (TinyCUATaskAssessorNode) route=None terminal=False

[9] analysis_effort (TinyCUAAnalysisEffortNode) route=None terminal=False

[10] task_assessor (TinyCUATaskAssessorNode) route=None terminal=False

[11] task_executor (TinyCUATaskExecutorNode) route=None terminal=False

[12] task_executor (TinyCUATaskExecutorNode) route=None terminal=False

[13] task_executor (TinyCUATaskExecutorNode) route=None terminal=False

[14] task_executor (TinyCUATaskExecutorNode) route=None terminal=False

[15] task_executor (TinyCUATaskExecutorNode) route=None terminal=False

[16] task_executor (TinyCUATaskExecutorNode) route=None terminal=False

[17] result_aggregation (TinyCUAResultAggregationNode) route=None terminal=False

[18] response (ResponseNode) route=None terminal=True

=== FINAL RESPONSE ===
## Project Complete: Notion-like Text Block Editor

Your Notion-style text block editor has been successfully created with all components integrated. Here's what was delivered:

### 📁 Project Structure
- **Root**: `/workspace` with orchestration script `start.sh`, `.env` (PORT=8765), `requirements.txt`
- **Directories**: `templates/`, `static/`, `database/`

### 🗄️ SQLite Database (`database/database.py`)
- Schema: `text_blocks` table with columns `id`, `content`, `created_at`, `updated_at`
- Features: UNIQUE constraint on content, efficient retrieval index
- Persistence verified across restarts

### 🔌 Flask Backend API (`app.py`)
RESTful endpoints running on port 8765:
- `GET /blocks` - List all blocks
- `POST /blocks` - Create new block
- `PUT /blocks/<id>` - Update block content
- `DELETE /blocks/<id>` - Delete block

### 🎨 Web UI Frontend (`templates/index.html`)
Notion-like text block editor (15.5 KB) with:
- HTML5 `contenteditable` blocks for inline editing
- Selection-aware editing (select block before edit/delete)
- Keyboard-accessible toolbar: **Add Block**, **Edit Selected**, **Delete Selected**, **Clear All**
- Notion-inspired CSS styling and vanilla JavaScript client-side management

### 🚀 Orchestration (`start.sh`)
Installs `uv`-managed dependencies, exports PORT from `.env`, initializes SQLite database if needed, and launches Flask app in foreground. Data persists across invocations; processes run as children without daemonization.

---

**Ready to use**: Run `./start.sh` to launch the application on your configured port.
=== TASK TREE ===
Root (goal): Create Notion-like app with Python backend, web UI frontend, SQLite database
Task list (in execution order, numbered):

1. Task [completed] Initialize project structure and dependencies
2. Task [completed] Implement SQLite database schema and initialization
3. Task [completed] Build Flask backend API endpoints
4. Task [completed] Develop web UI frontend with text block editor
5. Task [completed] Create start.sh orchestration script

=== WORKSPACE FILES ===
- .agent_scripts/README.md
- .agent_scripts/browser.py
- .agent_scripts/browser.sh
- .agent_scripts/search.sh
- .env
- TASK.md
- app.py
- data/blocks.db
- database/database.py
- requirements.txt
- start.sh
- templates/index.html
=== workspace/export/create ===
=== workspace/export/copy ===
=== workspace/export/remove ===
=== workspace/seed/create ===
=== workspace/seed/copy ===
=== workspace/seed/remove ===
=== evaluator ===
application_starts: start.sh exited with code 127
python_backend: start.sh process group includes a Python backend
block_create: Page.goto: net::ERR_CONNECTION_REFUSED at http://127.0.0.1:44615/
Call log:
  - navigating to "http://127.0.0.1:44615/", waiting until "domcontentloaded"

block_edit: Page.goto: net::ERR_CONNECTION_REFUSED at http://127.0.0.1:44615/
Call log:
  - navigating to "http://127.0.0.1:44615/", waiting until "domcontentloaded"

block_delete: Page.goto: net::ERR_CONNECTION_REFUSED at http://127.0.0.1:44615/
Call log:
  - navigating to "http://127.0.0.1:44615/", waiting until "domcontentloaded"

reload_persistence: Page.goto: net::ERR_CONNECTION_REFUSED at http://127.0.0.1:44615/
Call log:
  - navigating to "http://127.0.0.1:44615/", waiting until "domcontentloaded"

sqlite_persistence: Page.goto: net::ERR_CONNECTION_REFUSED at http://127.0.0.1:44615/
Call log:
  - navigating to "http://127.0.0.1:44615/", waiting until "domcontentloaded"

restart_persistence: start.sh exited with code 127
=== workspace/export/create ===
=== workspace/export/copy ===
=== workspace/export/remove ===
