=== service/searxng-ready ===
=== build/harness/hermes ===
=== build/harness/openclaw ===
=== service/searxng-ready ===
=== build/harness/openclaw ===
=== build/harness/opencode ===
=== build/harness/tinycua ===
=== build/evaluator/tinycua-template-browser-evaluator ===
=== build/decorator/experiment-3/tinycua ===
=== build/evaluator/tinycua-template-browser-evaluator ===
=== build/decorator/experiment-4/tinycua ===
=== build/evaluator/tinycua-template-browser-evaluator ===
=== service/searxng-ready ===
=== service/searxng-ready ===
=== service/searxng-ready ===
=== build/evaluator/tinycua-template-browser-evaluator-experiment-3 ===
=== build/evaluator/tinycua-template-browser-evaluator-experiment-4 ===
=== build/decorator/experiment-3/opencode ===
=== build/decorator/experiment-4/opencode ===
=== build/decorator/experiment-3/hermes ===
=== build/decorator/experiment-4/hermes ===
=== build/decorator/experiment-3/openclaw ===
=== build/decorator/experiment-4/openclaw ===
