=== workspace/seed/create ===
=== workspace/seed/copy ===
=== workspace/seed/remove ===
=== agent ===
 Container experiment-searxng-1 Running 
 Container experiment-searxng-1 Waiting 
 Container experiment-searxng-1 Healthy 
 Container tinycua-template-agent-1eb78b68-d840-4e0d-9437-3a674c0194d3-6578706572696d656e742d33-6f70656e636c6177 Creating 
 Container tinycua-template-agent-1eb78b68-d840-4e0d-9437-3a674c0194d3-6578706572696d656e742d33-6f70656e636c6177 Created 
=== workspace/export/create ===
=== workspace/export/copy ===
=== workspace/export/remove ===
=== workspace/seed/create ===
=== workspace/seed/copy ===
=== workspace/seed/remove ===
=== evaluator ===
second_hand: second hand renders at 60 degrees
minute_hand: minute hand renders from the frozen current time
hour_hand: hour hand renders from the frozen current time
second_updates_clockwise: scheduled update moves the second hand clockwise
minute_updates_clockwise: forward time moves the minute hand clockwise
hour_updates_clockwise: forward time moves the hour hand clockwise
=== workspace/export/create ===
=== workspace/export/copy ===
=== workspace/export/remove ===
