=== workspace/seed/create ===
=== workspace/seed/copy ===
=== workspace/seed/remove ===
=== agent ===
 Container experiment-searxng-1 Running 
 Container experiment-searxng-1 Waiting 
 Container experiment-searxng-1 Healthy 
 Container tinycua-template-agent-1eb78b68-d840-4e0d-9437-3a674c0194d3-6578706572696d656e742d33-74696e79637561 Creating 
 Container tinycua-template-agent-1eb78b68-d840-4e0d-9437-3a674c0194d3-6578706572696d656e742d33-74696e79637561 Created 
INFO:httpx:HTTP Request: GET http://host.docker.internal:1234/v1/models "HTTP/1.1 200 OK"
INFO:tinycua.cli.model_probe:max_context_probe_no_field fallback=128000
INFO:httpx:HTTP Request: POST http://host.docker.internal:1234/v1/chat/completions "HTTP/1.1 200 OK"
INFO:tinycua.loops.node:node=query_analyst record_output content_len=0
INFO:httpx:HTTP Request: POST http://host.docker.internal:1234/v1/chat/completions "HTTP/1.1 200 OK"
INFO:httpx:HTTP Request: POST http://host.docker.internal:1234/v1/chat/completions "HTTP/1.1 200 OK"
INFO:httpx:HTTP Request: POST http://host.docker.internal:1234/v1/chat/completions "HTTP/1.1 200 OK"
INFO:httpx:HTTP Request: POST http://host.docker.internal:1234/v1/chat/completions "HTTP/1.1 200 OK"
INFO:tinycua.loops.node:node=digester record_output content_len=0
INFO:httpx:HTTP Request: POST http://host.docker.internal:1234/v1/chat/completions "HTTP/1.1 200 OK"
INFO:tinycua.loops.node:node=worker record_output content_len=0
INFO:httpx:HTTP Request: POST http://host.docker.internal:1234/v1/chat/completions "HTTP/1.1 200 OK"
INFO:tinycua.models.task:task_tree_mutation method=create_task root=4d09f0cdbf8b499697692ef85bbb5e5f active=4d09f0cdbf8b499697692ef85bbb5e5f completed=0/1 pending=1 in_progress=0
INFO:tinycua.loops.node:node=task_create record_output content_len=0
INFO:httpx:HTTP Request: POST http://host.docker.internal:1234/v1/chat/completions "HTTP/1.1 200 OK"
INFO:httpx:HTTP Request: POST http://host.docker.internal:1234/v1/chat/completions "HTTP/1.1 200 OK"
INFO:tinycua.loops.tinycua_loop:task_tool=task_update requested_task_id='4d09f0cdbf8b499697692ef85bbb5e5f' resolved_task_id=None
INFO:httpx:HTTP Request: POST http://host.docker.internal:1234/v1/chat/completions "HTTP/1.1 200 OK"
INFO:tinycua.models.task:task_tree_mutation method=decompose_task root=4d09f0cdbf8b499697692ef85bbb5e5f active=396948b7c1ea4520893232b7710d375a completed=0/8 pending=8 in_progress=0
  1. [pending] Set up HTML document structure with internal JavaScript
  2. [pending] Implement Canvas rendering context and clock face drawing
  3. [pending] Implement time derivation and hand angle calculation
  4. [pending] Implement clock hand rendering with rotation
  5. [pending] Implement animation loop with requestAnimationFrame
  6. [pending] Add basic CSS styling for centered layout and readability
  7. [pending] Test rendering and verify hand movement correctness
INFO:tinycua.loops.node:node=task_analyzer record_output content_len=0
INFO:httpx:HTTP Request: POST http://host.docker.internal:1234/v1/chat/completions "HTTP/1.1 200 OK"
INFO:httpx:HTTP Request: POST http://host.docker.internal:1234/v1/chat/completions "HTTP/1.1 200 OK"
INFO:tinycua.loops.node:node=task_assessor record_output content_len=0
INFO:httpx:HTTP Request: POST http://host.docker.internal:1234/v1/chat/completions "HTTP/1.1 200 OK"
INFO:httpx:HTTP Request: POST http://host.docker.internal:1234/v1/chat/completions "HTTP/1.1 200 OK"
INFO:httpx:HTTP Request: POST http://host.docker.internal:1234/v1/chat/completions "HTTP/1.1 200 OK"
INFO:tinycua.loops.node:node=task_assessor record_output content_len=0
INFO:httpx:HTTP Request: POST http://host.docker.internal:1234/v1/chat/completions "HTTP/1.1 200 OK"
INFO:httpx:HTTP Request: POST http://host.docker.internal:1234/v1/chat/completions "HTTP/1.1 200 OK"
INFO:tinycua.loops.node:node=task_assessor record_output content_len=0
INFO:httpx:HTTP Request: POST http://host.docker.internal:1234/v1/chat/completions "HTTP/1.1 200 OK"
INFO:httpx:HTTP Request: POST http://host.docker.internal:1234/v1/chat/completions "HTTP/1.1 200 OK"
INFO:httpx:HTTP Request: POST http://host.docker.internal:1234/v1/chat/completions "HTTP/1.1 200 OK"
INFO:httpx:HTTP Request: POST http://host.docker.internal:1234/v1/chat/completions "HTTP/1.1 200 OK"
INFO:httpx:HTTP Request: POST http://host.docker.internal:1234/v1/chat/completions "HTTP/1.1 200 OK"
INFO:httpx:HTTP Request: POST http://host.docker.internal:1234/v1/chat/completions "HTTP/1.1 200 OK"
INFO:httpx:HTTP Request: POST http://host.docker.internal:1234/v1/chat/completions "HTTP/1.1 200 OK"
INFO:tinycua.models.task:task_tree_mutation method=transition root=4d09f0cdbf8b499697692ef85bbb5e5f active=396948b7c1ea4520893232b7710d375a completed=0/8 pending=7 in_progress=1
  1. [in_progress] Set up HTML document structure with internal JavaScript
  2. [pending] Implement Canvas rendering context and clock face drawing
  3. [pending] Implement time derivation and hand angle calculation
  4. [pending] Implement clock hand rendering with rotation
  5. [pending] Implement animation loop with requestAnimationFrame
  6. [pending] Add basic CSS styling for centered layout and readability
  7. [pending] Test rendering and verify hand movement correctness
INFO:tinycua.models.task:task_tree_mutation method=record_result root=4d09f0cdbf8b499697692ef85bbb5e5f active=396948b7c1ea4520893232b7710d375a completed=0/8 pending=7 in_progress=1
  1. [in_progress] Set up HTML document structure with internal JavaScript ✓
  2. [pending] Implement Canvas rendering context and clock face drawing
  3. [pending] Implement time derivation and hand angle calculation
  4. [pending] Implement clock hand rendering with rotation
  5. [pending] Implement animation loop with requestAnimationFrame
  6. [pending] Add basic CSS styling for centered layout and readability
  7. [pending] Test rendering and verify hand movement correctness
INFO:tinycua.loops.tinycua_loop:task_tool=task_result_update requested_task_id=None resolved_task_id='396948b7c1ea4520893232b7710d375a'
INFO:tinycua.loops.node:node=task_executor record_output content_len=301
INFO:httpx:HTTP Request: POST http://host.docker.internal:1234/v1/chat/completions "HTTP/1.1 200 OK"
INFO:httpx:HTTP Request: POST http://host.docker.internal:1234/v1/chat/completions "HTTP/1.1 200 OK"
INFO:httpx:HTTP Request: POST http://host.docker.internal:1234/v1/chat/completions "HTTP/1.1 200 OK"
INFO:tinycua.loops.tinycua_loop:task_tool=task_review_decision requested_task_id=None resolved_task_id='396948b7c1ea4520893232b7710d375a'
INFO:tinycua.models.task:task_tree_mutation method=transition root=4d09f0cdbf8b499697692ef85bbb5e5f active=00e603e3965e42b2b7ed93f456e8f606 completed=1/8 pending=7 in_progress=0
  1. [completed] Set up HTML document structure with internal JavaScript ✓
  2. [pending] Implement Canvas rendering context and clock face drawing
  3. [pending] Implement time derivation and hand angle calculation
  4. [pending] Implement clock hand rendering with rotation
  5. [pending] Implement animation loop with requestAnimationFrame
  6. [pending] Add basic CSS styling for centered layout and readability
  7. [pending] Test rendering and verify hand movement correctness
INFO:tinycua.models.task:task_tree_mutation method=record_reviewer_decision root=4d09f0cdbf8b499697692ef85bbb5e5f active=00e603e3965e42b2b7ed93f456e8f606 completed=1/8 pending=7 in_progress=0
  1. [completed] Set up HTML document structure with internal JavaScript ✓
  2. [pending] Implement Canvas rendering context and clock face drawing
  3. [pending] Implement time derivation and hand angle calculation
  4. [pending] Implement clock hand rendering with rotation
  5. [pending] Implement animation loop with requestAnimationFrame
  6. [pending] Add basic CSS styling for centered layout and readability
  7. [pending] Test rendering and verify hand movement correctness
INFO:tinycua.loops.node:node=result_reviewer record_output content_len=0
INFO:httpx:HTTP Request: POST http://host.docker.internal:1234/v1/chat/completions "HTTP/1.1 200 OK"
INFO:httpx:HTTP Request: POST http://host.docker.internal:1234/v1/chat/completions "HTTP/1.1 200 OK"
INFO:httpx:HTTP Request: POST http://host.docker.internal:1234/v1/chat/completions "HTTP/1.1 200 OK"
INFO:httpx:HTTP Request: POST http://host.docker.internal:1234/v1/chat/completions "HTTP/1.1 200 OK"
INFO:tinycua.models.task:task_tree_mutation method=transition root=4d09f0cdbf8b499697692ef85bbb5e5f active=00e603e3965e42b2b7ed93f456e8f606 completed=1/8 pending=6 in_progress=1
  1. [completed] Set up HTML document structure with internal JavaScript ✓
  2. [in_progress] Implement Canvas rendering context and clock face drawing
  3. [pending] Implement time derivation and hand angle calculation
  4. [pending] Implement clock hand rendering with rotation
  5. [pending] Implement animation loop with requestAnimationFrame
  6. [pending] Add basic CSS styling for centered layout and readability
  7. [pending] Test rendering and verify hand movement correctness
INFO:tinycua.models.task:task_tree_mutation method=record_result root=4d09f0cdbf8b499697692ef85bbb5e5f active=00e603e3965e42b2b7ed93f456e8f606 completed=1/8 pending=6 in_progress=1
  1. [completed] Set up HTML document structure with internal JavaScript ✓
  2. [in_progress] Implement Canvas rendering context and clock face drawing ✓
  3. [pending] Implement time derivation and hand angle calculation
  4. [pending] Implement clock hand rendering with rotation
  5. [pending] Implement animation loop with requestAnimationFrame
  6. [pending] Add basic CSS styling for centered layout and readability
  7. [pending] Test rendering and verify hand movement correctness
INFO:tinycua.loops.tinycua_loop:task_tool=task_result_update requested_task_id=None resolved_task_id='00e603e3965e42b2b7ed93f456e8f606'
INFO:tinycua.loops.node:node=task_executor record_output content_len=334
INFO:httpx:HTTP Request: POST http://host.docker.internal:1234/v1/chat/completions "HTTP/1.1 200 OK"
INFO:httpx:HTTP Request: POST http://host.docker.internal:1234/v1/chat/completions "HTTP/1.1 200 OK"
INFO:httpx:HTTP Request: POST http://host.docker.internal:1234/v1/chat/completions "HTTP/1.1 200 OK"
INFO:tinycua.loops.tinycua_loop:task_tool=task_review_decision requested_task_id=None resolved_task_id='00e603e3965e42b2b7ed93f456e8f606'
INFO:tinycua.models.task:task_tree_mutation method=transition root=4d09f0cdbf8b499697692ef85bbb5e5f active=dad9d0e72d0d46cfba1edf8afc56528c completed=2/8 pending=6 in_progress=0
  1. [completed] Set up HTML document structure with internal JavaScript ✓
  2. [completed] Implement Canvas rendering context and clock face drawing ✓
  3. [pending] Implement time derivation and hand angle calculation
  4. [pending] Implement clock hand rendering with rotation
  5. [pending] Implement animation loop with requestAnimationFrame
  6. [pending] Add basic CSS styling for centered layout and readability
  7. [pending] Test rendering and verify hand movement correctness
INFO:tinycua.models.task:task_tree_mutation method=record_reviewer_decision root=4d09f0cdbf8b499697692ef85bbb5e5f active=dad9d0e72d0d46cfba1edf8afc56528c completed=2/8 pending=6 in_progress=0
  1. [completed] Set up HTML document structure with internal JavaScript ✓
  2. [completed] Implement Canvas rendering context and clock face drawing ✓
  3. [pending] Implement time derivation and hand angle calculation
  4. [pending] Implement clock hand rendering with rotation
  5. [pending] Implement animation loop with requestAnimationFrame
  6. [pending] Add basic CSS styling for centered layout and readability
  7. [pending] Test rendering and verify hand movement correctness
INFO:tinycua.loops.node:node=result_reviewer record_output content_len=0
INFO:httpx:HTTP Request: POST http://host.docker.internal:1234/v1/chat/completions "HTTP/1.1 200 OK"
INFO:httpx:HTTP Request: POST http://host.docker.internal:1234/v1/chat/completions "HTTP/1.1 200 OK"
INFO:httpx:HTTP Request: POST http://host.docker.internal:1234/v1/chat/completions "HTTP/1.1 200 OK"
INFO:httpx:HTTP Request: POST http://host.docker.internal:1234/v1/chat/completions "HTTP/1.1 200 OK"
INFO:tinycua.models.task:task_tree_mutation method=transition root=4d09f0cdbf8b499697692ef85bbb5e5f active=dad9d0e72d0d46cfba1edf8afc56528c completed=2/8 pending=5 in_progress=1
  1. [completed] Set up HTML document structure with internal JavaScript ✓
  2. [completed] Implement Canvas rendering context and clock face drawing ✓
  3. [in_progress] Implement time derivation and hand angle calculation
  4. [pending] Implement clock hand rendering with rotation
  5. [pending] Implement animation loop with requestAnimationFrame
  6. [pending] Add basic CSS styling for centered layout and readability
  7. [pending] Test rendering and verify hand movement correctness
INFO:tinycua.models.task:task_tree_mutation method=record_result root=4d09f0cdbf8b499697692ef85bbb5e5f active=dad9d0e72d0d46cfba1edf8afc56528c completed=2/8 pending=5 in_progress=1
  1. [completed] Set up HTML document structure with internal JavaScript ✓
  2. [completed] Implement Canvas rendering context and clock face drawing ✓
  3. [in_progress] Implement time derivation and hand angle calculation ✓
  4. [pending] Implement clock hand rendering with rotation
  5. [pending] Implement animation loop with requestAnimationFrame
  6. [pending] Add basic CSS styling for centered layout and readability
  7. [pending] Test rendering and verify hand movement correctness
INFO:tinycua.loops.tinycua_loop:task_tool=task_result_update requested_task_id=None resolved_task_id='dad9d0e72d0d46cfba1edf8afc56528c'
INFO:tinycua.loops.node:node=task_executor record_output content_len=478
INFO:httpx:HTTP Request: POST http://host.docker.internal:1234/v1/chat/completions "HTTP/1.1 200 OK"
INFO:httpx:HTTP Request: POST http://host.docker.internal:1234/v1/chat/completions "HTTP/1.1 200 OK"
INFO:httpx:HTTP Request: POST http://host.docker.internal:1234/v1/chat/completions "HTTP/1.1 200 OK"
INFO:tinycua.loops.tinycua_loop:task_tool=task_review_decision requested_task_id=None resolved_task_id='dad9d0e72d0d46cfba1edf8afc56528c'
INFO:tinycua.models.task:task_tree_mutation method=transition root=4d09f0cdbf8b499697692ef85bbb5e5f active=818ebfd456c74d42a8ba5ca5b6cd24bd completed=3/8 pending=5 in_progress=0
  1. [completed] Set up HTML document structure with internal JavaScript ✓
  2. [completed] Implement Canvas rendering context and clock face drawing ✓
  3. [completed] Implement time derivation and hand angle calculation ✓
  4. [pending] Implement clock hand rendering with rotation
  5. [pending] Implement animation loop with requestAnimationFrame
  6. [pending] Add basic CSS styling for centered layout and readability
  7. [pending] Test rendering and verify hand movement correctness
INFO:tinycua.models.task:task_tree_mutation method=record_reviewer_decision root=4d09f0cdbf8b499697692ef85bbb5e5f active=818ebfd456c74d42a8ba5ca5b6cd24bd completed=3/8 pending=5 in_progress=0
  1. [completed] Set up HTML document structure with internal JavaScript ✓
  2. [completed] Implement Canvas rendering context and clock face drawing ✓
  3. [completed] Implement time derivation and hand angle calculation ✓
  4. [pending] Implement clock hand rendering with rotation
  5. [pending] Implement animation loop with requestAnimationFrame
  6. [pending] Add basic CSS styling for centered layout and readability
  7. [pending] Test rendering and verify hand movement correctness
INFO:tinycua.loops.node:node=result_reviewer record_output content_len=0
INFO:httpx:HTTP Request: POST http://host.docker.internal:1234/v1/chat/completions "HTTP/1.1 200 OK"
INFO:httpx:HTTP Request: POST http://host.docker.internal:1234/v1/chat/completions "HTTP/1.1 200 OK"
INFO:tinycua.models.task:task_tree_mutation method=transition root=4d09f0cdbf8b499697692ef85bbb5e5f active=818ebfd456c74d42a8ba5ca5b6cd24bd completed=3/8 pending=4 in_progress=1
  1. [completed] Set up HTML document structure with internal JavaScript ✓
  2. [completed] Implement Canvas rendering context and clock face drawing ✓
  3. [completed] Implement time derivation and hand angle calculation ✓
  4. [in_progress] Implement clock hand rendering with rotation
  5. [pending] Implement animation loop with requestAnimationFrame
  6. [pending] Add basic CSS styling for centered layout and readability
  7. [pending] Test rendering and verify hand movement correctness
INFO:tinycua.models.task:task_tree_mutation method=record_result root=4d09f0cdbf8b499697692ef85bbb5e5f active=818ebfd456c74d42a8ba5ca5b6cd24bd completed=3/8 pending=4 in_progress=1
  1. [completed] Set up HTML document structure with internal JavaScript ✓
  2. [completed] Implement Canvas rendering context and clock face drawing ✓
  3. [completed] Implement time derivation and hand angle calculation ✓
  4. [in_progress] Implement clock hand rendering with rotation ✓
  5. [pending] Implement animation loop with requestAnimationFrame
  6. [pending] Add basic CSS styling for centered layout and readability
  7. [pending] Test rendering and verify hand movement correctness
INFO:tinycua.loops.tinycua_loop:task_tool=task_result_update requested_task_id=None resolved_task_id='818ebfd456c74d42a8ba5ca5b6cd24bd'
INFO:tinycua.loops.node:node=task_executor record_output content_len=728
INFO:httpx:HTTP Request: POST http://host.docker.internal:1234/v1/chat/completions "HTTP/1.1 200 OK"
INFO:httpx:HTTP Request: POST http://host.docker.internal:1234/v1/chat/completions "HTTP/1.1 200 OK"
INFO:httpx:HTTP Request: POST http://host.docker.internal:1234/v1/chat/completions "HTTP/1.1 200 OK"
INFO:httpx:HTTP Request: POST http://host.docker.internal:1234/v1/chat/completions "HTTP/1.1 200 OK"
INFO:tinycua.loops.tinycua_loop:task_tool=task_review_decision requested_task_id=None resolved_task_id='818ebfd456c74d42a8ba5ca5b6cd24bd'
INFO:tinycua.models.task:task_tree_mutation method=transition root=4d09f0cdbf8b499697692ef85bbb5e5f active=69a29a49d1734021bd8265831b54307b completed=4/8 pending=4 in_progress=0
  1. [completed] Set up HTML document structure with internal JavaScript ✓
  2. [completed] Implement Canvas rendering context and clock face drawing ✓
  3. [completed] Implement time derivation and hand angle calculation ✓
  4. [completed] Implement clock hand rendering with rotation ✓
  5. [pending] Implement animation loop with requestAnimationFrame
  6. [pending] Add basic CSS styling for centered layout and readability
  7. [pending] Test rendering and verify hand movement correctness
INFO:tinycua.models.task:task_tree_mutation method=record_reviewer_decision root=4d09f0cdbf8b499697692ef85bbb5e5f active=69a29a49d1734021bd8265831b54307b completed=4/8 pending=4 in_progress=0
  1. [completed] Set up HTML document structure with internal JavaScript ✓
  2. [completed] Implement Canvas rendering context and clock face drawing ✓
  3. [completed] Implement time derivation and hand angle calculation ✓
  4. [completed] Implement clock hand rendering with rotation ✓
  5. [pending] Implement animation loop with requestAnimationFrame
  6. [pending] Add basic CSS styling for centered layout and readability
  7. [pending] Test rendering and verify hand movement correctness
INFO:tinycua.loops.node:node=result_reviewer record_output content_len=0
INFO:httpx:HTTP Request: POST http://host.docker.internal:1234/v1/chat/completions "HTTP/1.1 200 OK"
INFO:httpx:HTTP Request: POST http://host.docker.internal:1234/v1/chat/completions "HTTP/1.1 200 OK"
INFO:httpx:HTTP Request: POST http://host.docker.internal:1234/v1/chat/completions "HTTP/1.1 200 OK"
INFO:tinycua.models.task:task_tree_mutation method=transition root=4d09f0cdbf8b499697692ef85bbb5e5f active=69a29a49d1734021bd8265831b54307b completed=4/8 pending=3 in_progress=1
  1. [completed] Set up HTML document structure with internal JavaScript ✓
  2. [completed] Implement Canvas rendering context and clock face drawing ✓
  3. [completed] Implement time derivation and hand angle calculation ✓
  4. [completed] Implement clock hand rendering with rotation ✓
  5. [in_progress] Implement animation loop with requestAnimationFrame
  6. [pending] Add basic CSS styling for centered layout and readability
  7. [pending] Test rendering and verify hand movement correctness
INFO:tinycua.models.task:task_tree_mutation method=record_result root=4d09f0cdbf8b499697692ef85bbb5e5f active=69a29a49d1734021bd8265831b54307b completed=4/8 pending=3 in_progress=1
  1. [completed] Set up HTML document structure with internal JavaScript ✓
  2. [completed] Implement Canvas rendering context and clock face drawing ✓
  3. [completed] Implement time derivation and hand angle calculation ✓
  4. [completed] Implement clock hand rendering with rotation ✓
  5. [in_progress] Implement animation loop with requestAnimationFrame ✓
  6. [pending] Add basic CSS styling for centered layout and readability
  7. [pending] Test rendering and verify hand movement correctness
INFO:tinycua.loops.tinycua_loop:task_tool=task_result_update requested_task_id=None resolved_task_id='69a29a49d1734021bd8265831b54307b'
INFO:tinycua.loops.node:node=task_executor record_output content_len=954
INFO:httpx:HTTP Request: POST http://host.docker.internal:1234/v1/chat/completions "HTTP/1.1 200 OK"
INFO:httpx:HTTP Request: POST http://host.docker.internal:1234/v1/chat/completions "HTTP/1.1 200 OK"
INFO:tinycua.loops.tinycua_loop:task_tool=task_review_decision requested_task_id=None resolved_task_id='69a29a49d1734021bd8265831b54307b'
INFO:tinycua.models.task:task_tree_mutation method=transition root=4d09f0cdbf8b499697692ef85bbb5e5f active=c0fcc1d49000421ab34e16c94286f6a1 completed=5/8 pending=3 in_progress=0
  1. [completed] Set up HTML document structure with internal JavaScript ✓
  2. [completed] Implement Canvas rendering context and clock face drawing ✓
  3. [completed] Implement time derivation and hand angle calculation ✓
  4. [completed] Implement clock hand rendering with rotation ✓
  5. [completed] Implement animation loop with requestAnimationFrame ✓
  6. [pending] Add basic CSS styling for centered layout and readability
  7. [pending] Test rendering and verify hand movement correctness
INFO:tinycua.models.task:task_tree_mutation method=record_reviewer_decision root=4d09f0cdbf8b499697692ef85bbb5e5f active=c0fcc1d49000421ab34e16c94286f6a1 completed=5/8 pending=3 in_progress=0
  1. [completed] Set up HTML document structure with internal JavaScript ✓
  2. [completed] Implement Canvas rendering context and clock face drawing ✓
  3. [completed] Implement time derivation and hand angle calculation ✓
  4. [completed] Implement clock hand rendering with rotation ✓
  5. [completed] Implement animation loop with requestAnimationFrame ✓
  6. [pending] Add basic CSS styling for centered layout and readability
  7. [pending] Test rendering and verify hand movement correctness
INFO:tinycua.loops.node:node=result_reviewer record_output content_len=0
INFO:httpx:HTTP Request: POST http://host.docker.internal:1234/v1/chat/completions "HTTP/1.1 200 OK"
INFO:httpx:HTTP Request: POST http://host.docker.internal:1234/v1/chat/completions "HTTP/1.1 200 OK"
INFO:tinycua.models.task:task_tree_mutation method=transition root=4d09f0cdbf8b499697692ef85bbb5e5f active=c0fcc1d49000421ab34e16c94286f6a1 completed=5/8 pending=2 in_progress=1
  1. [completed] Set up HTML document structure with internal JavaScript ✓
  2. [completed] Implement Canvas rendering context and clock face drawing ✓
  3. [completed] Implement time derivation and hand angle calculation ✓
  4. [completed] Implement clock hand rendering with rotation ✓
  5. [completed] Implement animation loop with requestAnimationFrame ✓
  6. [in_progress] Add basic CSS styling for centered layout and readability
  7. [pending] Test rendering and verify hand movement correctness
INFO:tinycua.models.task:task_tree_mutation method=record_result root=4d09f0cdbf8b499697692ef85bbb5e5f active=c0fcc1d49000421ab34e16c94286f6a1 completed=5/8 pending=2 in_progress=1
  1. [completed] Set up HTML document structure with internal JavaScript ✓
  2. [completed] Implement Canvas rendering context and clock face drawing ✓
  3. [completed] Implement time derivation and hand angle calculation ✓
  4. [completed] Implement clock hand rendering with rotation ✓
  5. [completed] Implement animation loop with requestAnimationFrame ✓
  6. [in_progress] Add basic CSS styling for centered layout and readability ✓
  7. [pending] Test rendering and verify hand movement correctness
INFO:tinycua.loops.tinycua_loop:task_tool=task_result_update requested_task_id=None resolved_task_id='c0fcc1d49000421ab34e16c94286f6a1'
INFO:tinycua.loops.node:node=task_executor record_output content_len=329
INFO:httpx:HTTP Request: POST http://host.docker.internal:1234/v1/chat/completions "HTTP/1.1 200 OK"
INFO:httpx:HTTP Request: POST http://host.docker.internal:1234/v1/chat/completions "HTTP/1.1 200 OK"
INFO:tinycua.loops.tinycua_loop:task_tool=task_review_decision requested_task_id=None resolved_task_id='c0fcc1d49000421ab34e16c94286f6a1'
INFO:tinycua.models.task:task_tree_mutation method=transition root=4d09f0cdbf8b499697692ef85bbb5e5f active=06237a25ba5c424f8301f7b819c8957b completed=6/8 pending=2 in_progress=0
  1. [completed] Set up HTML document structure with internal JavaScript ✓
  2. [completed] Implement Canvas rendering context and clock face drawing ✓
  3. [completed] Implement time derivation and hand angle calculation ✓
  4. [completed] Implement clock hand rendering with rotation ✓
  5. [completed] Implement animation loop with requestAnimationFrame ✓
  6. [completed] Add basic CSS styling for centered layout and readability ✓
  7. [pending] Test rendering and verify hand movement correctness
INFO:tinycua.models.task:task_tree_mutation method=record_reviewer_decision root=4d09f0cdbf8b499697692ef85bbb5e5f active=06237a25ba5c424f8301f7b819c8957b completed=6/8 pending=2 in_progress=0
  1. [completed] Set up HTML document structure with internal JavaScript ✓
  2. [completed] Implement Canvas rendering context and clock face drawing ✓
  3. [completed] Implement time derivation and hand angle calculation ✓
  4. [completed] Implement clock hand rendering with rotation ✓
  5. [completed] Implement animation loop with requestAnimationFrame ✓
  6. [completed] Add basic CSS styling for centered layout and readability ✓
  7. [pending] Test rendering and verify hand movement correctness
INFO:tinycua.loops.node:node=result_reviewer record_output content_len=0
INFO:httpx:HTTP Request: POST http://host.docker.internal:1234/v1/chat/completions "HTTP/1.1 200 OK"
INFO:httpx:HTTP Request: POST http://host.docker.internal:1234/v1/chat/completions "HTTP/1.1 200 OK"
INFO:httpx:HTTP Request: POST http://host.docker.internal:1234/v1/chat/completions "HTTP/1.1 200 OK"
INFO:tinycua.models.task:task_tree_mutation method=transition root=4d09f0cdbf8b499697692ef85bbb5e5f active=06237a25ba5c424f8301f7b819c8957b completed=6/8 pending=1 in_progress=1
  1. [completed] Set up HTML document structure with internal JavaScript ✓
  2. [completed] Implement Canvas rendering context and clock face drawing ✓
  3. [completed] Implement time derivation and hand angle calculation ✓
  4. [completed] Implement clock hand rendering with rotation ✓
  5. [completed] Implement animation loop with requestAnimationFrame ✓
  6. [completed] Add basic CSS styling for centered layout and readability ✓
  7. [in_progress] Test rendering and verify hand movement correctness
INFO:tinycua.models.task:task_tree_mutation method=record_result root=4d09f0cdbf8b499697692ef85bbb5e5f active=06237a25ba5c424f8301f7b819c8957b completed=6/8 pending=1 in_progress=1
  1. [completed] Set up HTML document structure with internal JavaScript ✓
  2. [completed] Implement Canvas rendering context and clock face drawing ✓
  3. [completed] Implement time derivation and hand angle calculation ✓
  4. [completed] Implement clock hand rendering with rotation ✓
  5. [completed] Implement animation loop with requestAnimationFrame ✓
  6. [completed] Add basic CSS styling for centered layout and readability ✓
  7. [in_progress] Test rendering and verify hand movement correctness ✓
INFO:tinycua.loops.tinycua_loop:task_tool=task_result_update requested_task_id=None resolved_task_id='06237a25ba5c424f8301f7b819c8957b'
INFO:tinycua.loops.node:node=task_executor record_output content_len=611
INFO:httpx:HTTP Request: POST http://host.docker.internal:1234/v1/chat/completions "HTTP/1.1 200 OK"
INFO:tinycua.loops.tinycua_loop:task_tool=task_review_decision requested_task_id=None resolved_task_id=None
INFO:httpx:HTTP Request: POST http://host.docker.internal:1234/v1/chat/completions "HTTP/1.1 200 OK"
INFO:tinycua.loops.tinycua_loop:task_tool=task_review_decision requested_task_id=None resolved_task_id=None
INFO:httpx:HTTP Request: POST http://host.docker.internal:1234/v1/chat/completions "HTTP/1.1 200 OK"
INFO:httpx:HTTP Request: POST http://host.docker.internal:1234/v1/chat/completions "HTTP/1.1 200 OK"
INFO:tinycua.loops.tinycua_loop:task_tool=task_review_decision requested_task_id=None resolved_task_id=None
INFO:httpx:HTTP Request: POST http://host.docker.internal:1234/v1/chat/completions "HTTP/1.1 200 OK"
INFO:tinycua.loops.tinycua_loop:task_tool=task_review_decision requested_task_id=None resolved_task_id='06237a25ba5c424f8301f7b819c8957b'
INFO:tinycua.models.task:task_tree_mutation method=transition root=4d09f0cdbf8b499697692ef85bbb5e5f active=4d09f0cdbf8b499697692ef85bbb5e5f completed=7/8 pending=1 in_progress=0
  1. [completed] Set up HTML document structure with internal JavaScript ✓
  2. [completed] Implement Canvas rendering context and clock face drawing ✓
  3. [completed] Implement time derivation and hand angle calculation ✓
  4. [completed] Implement clock hand rendering with rotation ✓
  5. [completed] Implement animation loop with requestAnimationFrame ✓
  6. [completed] Add basic CSS styling for centered layout and readability ✓
  7. [completed] Test rendering and verify hand movement correctness ✓
INFO:tinycua.models.task:task_tree_mutation method=record_reviewer_decision root=4d09f0cdbf8b499697692ef85bbb5e5f active=4d09f0cdbf8b499697692ef85bbb5e5f completed=7/8 pending=0 in_progress=1
  1. [completed] Set up HTML document structure with internal JavaScript ✓
  2. [completed] Implement Canvas rendering context and clock face drawing ✓
  3. [completed] Implement time derivation and hand angle calculation ✓
  4. [completed] Implement clock hand rendering with rotation ✓
  5. [completed] Implement animation loop with requestAnimationFrame ✓
  6. [completed] Add basic CSS styling for centered layout and readability ✓
  7. [completed] Test rendering and verify hand movement correctness ✓
INFO:tinycua.loops.node:node=result_reviewer record_output content_len=0
INFO:httpx:HTTP Request: POST http://host.docker.internal:1234/v1/chat/completions "HTTP/1.1 200 OK"
INFO:httpx:HTTP Request: POST http://host.docker.internal:1234/v1/chat/completions "HTTP/1.1 200 OK"
INFO:tinycua.models.task:task_tree_mutation method=record_result root=4d09f0cdbf8b499697692ef85bbb5e5f active=4d09f0cdbf8b499697692ef85bbb5e5f completed=7/8 pending=0 in_progress=1
  1. [completed] Set up HTML document structure with internal JavaScript ✓
  2. [completed] Implement Canvas rendering context and clock face drawing ✓
  3. [completed] Implement time derivation and hand angle calculation ✓
  4. [completed] Implement clock hand rendering with rotation ✓
  5. [completed] Implement animation loop with requestAnimationFrame ✓
  6. [completed] Add basic CSS styling for centered layout and readability ✓
  7. [completed] Test rendering and verify hand movement correctness ✓
INFO:tinycua.loops.tinycua_loop:task_tool=task_result_update requested_task_id=None resolved_task_id='4d09f0cdbf8b499697692ef85bbb5e5f'
INFO:tinycua.loops.node:node=task_executor record_output content_len=438
INFO:httpx:HTTP Request: POST http://host.docker.internal:1234/v1/chat/completions "HTTP/1.1 200 OK"
INFO:httpx:HTTP Request: POST http://host.docker.internal:1234/v1/chat/completions "HTTP/1.1 200 OK"
INFO:tinycua.loops.tinycua_loop:task_tool=task_review_decision requested_task_id=None resolved_task_id='4d09f0cdbf8b499697692ef85bbb5e5f'
INFO:tinycua.models.task:task_tree_mutation method=transition root=4d09f0cdbf8b499697692ef85bbb5e5f active=none completed=8/8 pending=0 in_progress=0
  1. [completed] Set up HTML document structure with internal JavaScript ✓
  2. [completed] Implement Canvas rendering context and clock face drawing ✓
  3. [completed] Implement time derivation and hand angle calculation ✓
  4. [completed] Implement clock hand rendering with rotation ✓
  5. [completed] Implement animation loop with requestAnimationFrame ✓
  6. [completed] Add basic CSS styling for centered layout and readability ✓
  7. [completed] Test rendering and verify hand movement correctness ✓
INFO:tinycua.models.task:task_tree_mutation method=record_reviewer_decision root=4d09f0cdbf8b499697692ef85bbb5e5f active=none completed=8/8 pending=0 in_progress=0
  1. [completed] Set up HTML document structure with internal JavaScript ✓
  2. [completed] Implement Canvas rendering context and clock face drawing ✓
  3. [completed] Implement time derivation and hand angle calculation ✓
  4. [completed] Implement clock hand rendering with rotation ✓
  5. [completed] Implement animation loop with requestAnimationFrame ✓
  6. [completed] Add basic CSS styling for centered layout and readability ✓
  7. [completed] Test rendering and verify hand movement correctness ✓
INFO:tinycua.loops.node:node=result_reviewer record_output content_len=0
INFO:httpx:HTTP Request: POST http://host.docker.internal:1234/v1/chat/completions "HTTP/1.1 200 OK"
INFO:tinycua.loops.node:node=result_aggregation record_output content_len=0
INFO:httpx:HTTP Request: POST http://host.docker.internal:1234/v1/chat/completions "HTTP/1.1 200 OK"
INFO:tinycua.loops.node:node=response record_output content_len=924
Agent completed in 318.9s
=== NODE TRAVERSAL ===
query_analyst
digester
worker
task_create
task_analyzer
analysis_effort
task_assessor
analysis_effort
task_assessor
analysis_effort
task_assessor
task_executor
result_reviewer
task_executor
result_reviewer
task_executor
result_reviewer
task_executor
result_reviewer
task_executor
result_reviewer
task_executor
result_reviewer
task_executor
result_reviewer
task_executor
result_reviewer
result_aggregation
response

=== TRACE ===
[1] query_analyst (TinyCUAQueryAnalystNode) route=worker terminal=False

[2] digester (TinyCUAInformationDigesterNode) route=None terminal=False

[3] worker (TinyCUAWorkerNode) route=task_creation terminal=False

[4] task_create (TinyCUATaskCreateNode) route=None terminal=False

[5] task_analyzer (TinyCUATaskAnalyzerNode) route=None terminal=False

[6] analysis_effort (TinyCUAAnalysisEffortNode) route=None terminal=False

[7] task_assessor (TinyCUATaskAssessorNode) route=None terminal=False

[8] analysis_effort (TinyCUAAnalysisEffortNode) route=None terminal=False

[9] task_assessor (TinyCUATaskAssessorNode) route=None terminal=False

[10] analysis_effort (TinyCUAAnalysisEffortNode) route=None terminal=False

[11] task_assessor (TinyCUATaskAssessorNode) route=None terminal=False

[12] task_executor (TinyCUATaskExecutorNode) route=None terminal=False

[13] result_reviewer (TinyCUAResultReviewerNode) route=None terminal=False

[14] task_executor (TinyCUATaskExecutorNode) route=None terminal=False

[15] result_reviewer (TinyCUAResultReviewerNode) route=None terminal=False

[16] task_executor (TinyCUATaskExecutorNode) route=None terminal=False

[17] result_reviewer (TinyCUAResultReviewerNode) route=None terminal=False

[18] task_executor (TinyCUATaskExecutorNode) route=None terminal=False

[19] result_reviewer (TinyCUAResultReviewerNode) route=None terminal=False

[20] task_executor (TinyCUATaskExecutorNode) route=None terminal=False

[21] result_reviewer (TinyCUAResultReviewerNode) route=None terminal=False

[22] task_executor (TinyCUATaskExecutorNode) route=None terminal=False

[23] result_reviewer (TinyCUAResultReviewerNode) route=None terminal=False

[24] task_executor (TinyCUATaskExecutorNode) route=None terminal=False

[25] result_reviewer (TinyCUAResultReviewerNode) route=None terminal=False

[26] task_executor (TinyCUATaskExecutorNode) route=None terminal=False

[27] result_reviewer (TinyCUAResultReviewerNode) route=None terminal=False

[28] result_aggregation (TinyCUAResultAggregationNode) route=None terminal=False

[29] response (ResponseNode) route=None terminal=True

=== FINAL RESPONSE ===
## Clock Application Complete

A fully functional analog clock has been created in **clock.html**. Here's what was delivered:

### Key Features Implemented
- **Single self-contained HTML file** with no external dependencies
- **Canvas-based rendering** (400×400 canvas) for smooth animations
- **Real-time clock hands** derived from current system time using `new Date()`
- **Three distinct clock hands**: hour (black, 4px), minute (blue, 3px), second (red, 2px)
- **Smooth animation loop** using `requestAnimationFrame` with clockwise hand movement
- **Proper rotation angles**: seconds (×6°), minutes (×6° + offset), hours (×30° + offset)
- **Clean CSS styling**: centered layout, circular clock face, light theme (#f0f0f0 background)

### What You Get
The `clock.html` file is ready to use—open it in any modern browser to see a smooth, accurate analog clock that updates every frame and reflects the current system time.
=== TASK TREE ===
Root (goal): Create animated analog clock app in single HTML file
Task list (in execution order, numbered):

1. Task [completed] Set up HTML document structure with internal JavaScript
2. Task [completed] Implement Canvas rendering context and clock face drawing
3. Task [completed] Implement time derivation and hand angle calculation
4. Task [completed] Implement clock hand rendering with rotation
5. Task [completed] Implement animation loop with requestAnimationFrame
6. Task [completed] Add basic CSS styling for centered layout and readability
7. Task [completed] Test rendering and verify hand movement correctness

=== WORKSPACE FILES ===
- .agent_scripts/README.md
- .agent_scripts/browser.py
- .agent_scripts/browser.sh
- .agent_scripts/search.sh
- TASK.md
- clock.html
=== workspace/export/create ===
=== workspace/export/copy ===
=== workspace/export/remove ===
=== evaluator ===
hour_hand: hour hand renders from the frozen current time
second_updates_clockwise: scheduled update moves the second hand clockwise
minute_updates_clockwise: forward time moves the minute hand clockwise
hour_updates_clockwise: forward time moves the hour hand clockwise
