=== workspace/seed/create ===
=== workspace/seed/copy ===
=== workspace/seed/remove ===
=== agent ===
 Container experiment-searxng-1 Running 
 Container experiment-searxng-1 Waiting 
 Container experiment-searxng-1 Healthy 
 Container tinycua-template-agent-1eb78b68-d840-4e0d-9437-3a674c0194d3-6578706572696d656e742d33-74696e796375612d6e642d6e72 Creating 
 Container tinycua-template-agent-1eb78b68-d840-4e0d-9437-3a674c0194d3-6578706572696d656e742d33-74696e796375612d6e642d6e72 Created 
INFO:httpx:HTTP Request: GET http://host.docker.internal:1234/v1/models "HTTP/1.1 200 OK"
INFO:tinycua.cli.model_probe:max_context_probe_no_field fallback=128000
INFO:httpx:HTTP Request: POST http://host.docker.internal:1234/v1/chat/completions "HTTP/1.1 200 OK"
INFO:tinycua.loops.node:node=query_analyst record_output content_len=0
INFO:httpx:HTTP Request: POST http://host.docker.internal:1234/v1/chat/completions "HTTP/1.1 200 OK"
INFO:tinycua.loops.node:node=worker record_output content_len=0
INFO:httpx:HTTP Request: POST http://host.docker.internal:1234/v1/chat/completions "HTTP/1.1 200 OK"
INFO:tinycua.models.task:task_tree_mutation method=create_task root=cbd4302985234771b51f061aee06c0f2 active=cbd4302985234771b51f061aee06c0f2 completed=0/1 pending=1 in_progress=0
INFO:tinycua.loops.node:node=task_create record_output content_len=0
INFO:httpx:HTTP Request: POST http://host.docker.internal:1234/v1/chat/completions "HTTP/1.1 200 OK"
INFO:httpx:HTTP Request: POST http://host.docker.internal:1234/v1/chat/completions "HTTP/1.1 200 OK"
INFO:tinycua.models.task:task_tree_mutation method=decompose_task root=cbd4302985234771b51f061aee06c0f2 active=39a43108014e4450b09023fe65d68004 completed=0/7 pending=7 in_progress=0
  1. [pending] Set up HTML structure with internal CSS
  2. [pending] Implement Canvas-based analog clock face drawing
  3. [pending] Implement time-hand drawing functions (hour, minute, second)
  4. [pending] Implement time-to-rotation calculation logic
  5. [pending] Implement requestAnimationFrame render loop
  6. [pending] Create self-contained clock.html with no external dependencies
INFO:tinycua.loops.node:node=task_analyzer record_output content_len=0
INFO:httpx:HTTP Request: POST http://host.docker.internal:1234/v1/chat/completions "HTTP/1.1 200 OK"
INFO:httpx:HTTP Request: POST http://host.docker.internal:1234/v1/chat/completions "HTTP/1.1 200 OK"
INFO:tinycua.loops.node:node=task_assessor record_output content_len=0
INFO:httpx:HTTP Request: POST http://host.docker.internal:1234/v1/chat/completions "HTTP/1.1 200 OK"
INFO:httpx:HTTP Request: POST http://host.docker.internal:1234/v1/chat/completions "HTTP/1.1 200 OK"
INFO:tinycua.loops.node:node=task_assessor record_output content_len=0
INFO:httpx:HTTP Request: POST http://host.docker.internal:1234/v1/chat/completions "HTTP/1.1 200 OK"
INFO:httpx:HTTP Request: POST http://host.docker.internal:1234/v1/chat/completions "HTTP/1.1 200 OK"
INFO:tinycua.loops.node:node=task_assessor record_output content_len=0
INFO:httpx:HTTP Request: POST http://host.docker.internal:1234/v1/chat/completions "HTTP/1.1 200 OK"
INFO:httpx:HTTP Request: POST http://host.docker.internal:1234/v1/chat/completions "HTTP/1.1 200 OK"
INFO:httpx:HTTP Request: POST http://host.docker.internal:1234/v1/chat/completions "HTTP/1.1 200 OK"
INFO:httpx:HTTP Request: POST http://host.docker.internal:1234/v1/chat/completions "HTTP/1.1 200 OK"
INFO:httpx:HTTP Request: POST http://host.docker.internal:1234/v1/chat/completions "HTTP/1.1 200 OK"
INFO:httpx:HTTP Request: POST http://host.docker.internal:1234/v1/chat/completions "HTTP/1.1 200 OK"
INFO:httpx:HTTP Request: POST http://host.docker.internal:1234/v1/chat/completions "HTTP/1.1 200 OK"
INFO:httpx:HTTP Request: POST http://host.docker.internal:1234/v1/chat/completions "HTTP/1.1 200 OK"
INFO:httpx:HTTP Request: POST http://host.docker.internal:1234/v1/chat/completions "HTTP/1.1 200 OK"
INFO:tinycua.models.task:task_tree_mutation method=transition root=cbd4302985234771b51f061aee06c0f2 active=39a43108014e4450b09023fe65d68004 completed=0/7 pending=6 in_progress=1
  1. [in_progress] Set up HTML structure with internal CSS
  2. [pending] Implement Canvas-based analog clock face drawing
  3. [pending] Implement time-hand drawing functions (hour, minute, second)
  4. [pending] Implement time-to-rotation calculation logic
  5. [pending] Implement requestAnimationFrame render loop
  6. [pending] Create self-contained clock.html with no external dependencies
INFO:tinycua.models.task:task_tree_mutation method=record_result root=cbd4302985234771b51f061aee06c0f2 active=39a43108014e4450b09023fe65d68004 completed=0/7 pending=6 in_progress=1
  1. [in_progress] Set up HTML structure with internal CSS ✓
  2. [pending] Implement Canvas-based analog clock face drawing
  3. [pending] Implement time-hand drawing functions (hour, minute, second)
  4. [pending] Implement time-to-rotation calculation logic
  5. [pending] Implement requestAnimationFrame render loop
  6. [pending] Create self-contained clock.html with no external dependencies
INFO:tinycua.loops.tinycua_loop:task_tool=task_result_update requested_task_id=None resolved_task_id='39a43108014e4450b09023fe65d68004'
INFO:tinycua.loops.node:node=task_executor record_output content_len=241
INFO:tinycua.models.task:task_tree_mutation method=transition root=cbd4302985234771b51f061aee06c0f2 active=9bea338a0efc4d07b19fd63a31c823d1 completed=1/7 pending=6 in_progress=0
  1. [completed] Set up HTML structure with internal CSS ✓
  2. [pending] Implement Canvas-based analog clock face drawing
  3. [pending] Implement time-hand drawing functions (hour, minute, second)
  4. [pending] Implement time-to-rotation calculation logic
  5. [pending] Implement requestAnimationFrame render loop
  6. [pending] Create self-contained clock.html with no external dependencies
INFO:httpx:HTTP Request: POST http://host.docker.internal:1234/v1/chat/completions "HTTP/1.1 200 OK"
INFO:httpx:HTTP Request: POST http://host.docker.internal:1234/v1/chat/completions "HTTP/1.1 200 OK"
INFO:httpx:HTTP Request: POST http://host.docker.internal:1234/v1/chat/completions "HTTP/1.1 200 OK"
INFO:httpx:HTTP Request: POST http://host.docker.internal:1234/v1/chat/completions "HTTP/1.1 200 OK"
INFO:tinycua.models.task:task_tree_mutation method=transition root=cbd4302985234771b51f061aee06c0f2 active=9bea338a0efc4d07b19fd63a31c823d1 completed=1/7 pending=5 in_progress=1
  1. [completed] Set up HTML structure with internal CSS ✓
  2. [in_progress] Implement Canvas-based analog clock face drawing
  3. [pending] Implement time-hand drawing functions (hour, minute, second)
  4. [pending] Implement time-to-rotation calculation logic
  5. [pending] Implement requestAnimationFrame render loop
  6. [pending] Create self-contained clock.html with no external dependencies
INFO:tinycua.models.task:task_tree_mutation method=record_result root=cbd4302985234771b51f061aee06c0f2 active=9bea338a0efc4d07b19fd63a31c823d1 completed=1/7 pending=5 in_progress=1
  1. [completed] Set up HTML structure with internal CSS ✓
  2. [in_progress] Implement Canvas-based analog clock face drawing ✓
  3. [pending] Implement time-hand drawing functions (hour, minute, second)
  4. [pending] Implement time-to-rotation calculation logic
  5. [pending] Implement requestAnimationFrame render loop
  6. [pending] Create self-contained clock.html with no external dependencies
INFO:tinycua.loops.tinycua_loop:task_tool=task_result_update requested_task_id=None resolved_task_id='9bea338a0efc4d07b19fd63a31c823d1'
INFO:tinycua.loops.node:node=task_executor record_output content_len=331
INFO:tinycua.models.task:task_tree_mutation method=transition root=cbd4302985234771b51f061aee06c0f2 active=c955880e0e8f40fc9e7f2c1b7ffddef8 completed=2/7 pending=5 in_progress=0
  1. [completed] Set up HTML structure with internal CSS ✓
  2. [completed] Implement Canvas-based analog clock face drawing ✓
  3. [pending] Implement time-hand drawing functions (hour, minute, second)
  4. [pending] Implement time-to-rotation calculation logic
  5. [pending] Implement requestAnimationFrame render loop
  6. [pending] Create self-contained clock.html with no external dependencies
INFO:httpx:HTTP Request: POST http://host.docker.internal:1234/v1/chat/completions "HTTP/1.1 200 OK"
INFO:httpx:HTTP Request: POST http://host.docker.internal:1234/v1/chat/completions "HTTP/1.1 200 OK"
INFO:httpx:HTTP Request: POST http://host.docker.internal:1234/v1/chat/completions "HTTP/1.1 200 OK"
INFO:httpx:HTTP Request: POST http://host.docker.internal:1234/v1/chat/completions "HTTP/1.1 200 OK"
INFO:tinycua.models.task:task_tree_mutation method=transition root=cbd4302985234771b51f061aee06c0f2 active=c955880e0e8f40fc9e7f2c1b7ffddef8 completed=2/7 pending=4 in_progress=1
  1. [completed] Set up HTML structure with internal CSS ✓
  2. [completed] Implement Canvas-based analog clock face drawing ✓
  3. [in_progress] Implement time-hand drawing functions (hour, minute, second)
  4. [pending] Implement time-to-rotation calculation logic
  5. [pending] Implement requestAnimationFrame render loop
  6. [pending] Create self-contained clock.html with no external dependencies
INFO:tinycua.models.task:task_tree_mutation method=record_result root=cbd4302985234771b51f061aee06c0f2 active=c955880e0e8f40fc9e7f2c1b7ffddef8 completed=2/7 pending=4 in_progress=1
  1. [completed] Set up HTML structure with internal CSS ✓
  2. [completed] Implement Canvas-based analog clock face drawing ✓
  3. [in_progress] Implement time-hand drawing functions (hour, minute, second) ✓
  4. [pending] Implement time-to-rotation calculation logic
  5. [pending] Implement requestAnimationFrame render loop
  6. [pending] Create self-contained clock.html with no external dependencies
INFO:tinycua.loops.tinycua_loop:task_tool=task_result_update requested_task_id=None resolved_task_id='c955880e0e8f40fc9e7f2c1b7ffddef8'
INFO:tinycua.loops.node:node=task_executor record_output content_len=428
INFO:tinycua.models.task:task_tree_mutation method=transition root=cbd4302985234771b51f061aee06c0f2 active=3261ba123c9743f9b181bda5d0b87a52 completed=3/7 pending=4 in_progress=0
  1. [completed] Set up HTML structure with internal CSS ✓
  2. [completed] Implement Canvas-based analog clock face drawing ✓
  3. [completed] Implement time-hand drawing functions (hour, minute, second) ✓
  4. [pending] Implement time-to-rotation calculation logic
  5. [pending] Implement requestAnimationFrame render loop
  6. [pending] Create self-contained clock.html with no external dependencies
INFO:httpx:HTTP Request: POST http://host.docker.internal:1234/v1/chat/completions "HTTP/1.1 200 OK"
INFO:httpx:HTTP Request: POST http://host.docker.internal:1234/v1/chat/completions "HTTP/1.1 200 OK"
INFO:httpx:HTTP Request: POST http://host.docker.internal:1234/v1/chat/completions "HTTP/1.1 200 OK"
INFO:httpx:HTTP Request: POST http://host.docker.internal:1234/v1/chat/completions "HTTP/1.1 200 OK"
INFO:tinycua.models.task:task_tree_mutation method=transition root=cbd4302985234771b51f061aee06c0f2 active=3261ba123c9743f9b181bda5d0b87a52 completed=3/7 pending=3 in_progress=1
  1. [completed] Set up HTML structure with internal CSS ✓
  2. [completed] Implement Canvas-based analog clock face drawing ✓
  3. [completed] Implement time-hand drawing functions (hour, minute, second) ✓
  4. [in_progress] Implement time-to-rotation calculation logic
  5. [pending] Implement requestAnimationFrame render loop
  6. [pending] Create self-contained clock.html with no external dependencies
INFO:tinycua.models.task:task_tree_mutation method=record_result root=cbd4302985234771b51f061aee06c0f2 active=3261ba123c9743f9b181bda5d0b87a52 completed=3/7 pending=3 in_progress=1
  1. [completed] Set up HTML structure with internal CSS ✓
  2. [completed] Implement Canvas-based analog clock face drawing ✓
  3. [completed] Implement time-hand drawing functions (hour, minute, second) ✓
  4. [in_progress] Implement time-to-rotation calculation logic ✓
  5. [pending] Implement requestAnimationFrame render loop
  6. [pending] Create self-contained clock.html with no external dependencies
INFO:tinycua.loops.tinycua_loop:task_tool=task_result_update requested_task_id=None resolved_task_id='3261ba123c9743f9b181bda5d0b87a52'
INFO:tinycua.loops.node:node=task_executor record_output content_len=339
INFO:tinycua.models.task:task_tree_mutation method=transition root=cbd4302985234771b51f061aee06c0f2 active=bbe40d67a1804f03b3ba6a6bcf889caa completed=4/7 pending=3 in_progress=0
  1. [completed] Set up HTML structure with internal CSS ✓
  2. [completed] Implement Canvas-based analog clock face drawing ✓
  3. [completed] Implement time-hand drawing functions (hour, minute, second) ✓
  4. [completed] Implement time-to-rotation calculation logic ✓
  5. [pending] Implement requestAnimationFrame render loop
  6. [pending] Create self-contained clock.html with no external dependencies
INFO:httpx:HTTP Request: POST http://host.docker.internal:1234/v1/chat/completions "HTTP/1.1 200 OK"
INFO:httpx:HTTP Request: POST http://host.docker.internal:1234/v1/chat/completions "HTTP/1.1 200 OK"
INFO:httpx:HTTP Request: POST http://host.docker.internal:1234/v1/chat/completions "HTTP/1.1 200 OK"
INFO:httpx:HTTP Request: POST http://host.docker.internal:1234/v1/chat/completions "HTTP/1.1 200 OK"
INFO:httpx:HTTP Request: POST http://host.docker.internal:1234/v1/chat/completions "HTTP/1.1 200 OK"
INFO:tinycua.models.task:task_tree_mutation method=transition root=cbd4302985234771b51f061aee06c0f2 active=bbe40d67a1804f03b3ba6a6bcf889caa completed=4/7 pending=2 in_progress=1
  1. [completed] Set up HTML structure with internal CSS ✓
  2. [completed] Implement Canvas-based analog clock face drawing ✓
  3. [completed] Implement time-hand drawing functions (hour, minute, second) ✓
  4. [completed] Implement time-to-rotation calculation logic ✓
  5. [in_progress] Implement requestAnimationFrame render loop
  6. [pending] Create self-contained clock.html with no external dependencies
INFO:tinycua.models.task:task_tree_mutation method=record_result root=cbd4302985234771b51f061aee06c0f2 active=bbe40d67a1804f03b3ba6a6bcf889caa completed=4/7 pending=2 in_progress=1
  1. [completed] Set up HTML structure with internal CSS ✓
  2. [completed] Implement Canvas-based analog clock face drawing ✓
  3. [completed] Implement time-hand drawing functions (hour, minute, second) ✓
  4. [completed] Implement time-to-rotation calculation logic ✓
  5. [in_progress] Implement requestAnimationFrame render loop ✓
  6. [pending] Create self-contained clock.html with no external dependencies
INFO:tinycua.loops.tinycua_loop:task_tool=task_result_update requested_task_id=None resolved_task_id='bbe40d67a1804f03b3ba6a6bcf889caa'
INFO:tinycua.loops.node:node=task_executor record_output content_len=418
INFO:tinycua.models.task:task_tree_mutation method=transition root=cbd4302985234771b51f061aee06c0f2 active=6d2a90f99c2a46bfafc4adca0e47efa3 completed=5/7 pending=2 in_progress=0
  1. [completed] Set up HTML structure with internal CSS ✓
  2. [completed] Implement Canvas-based analog clock face drawing ✓
  3. [completed] Implement time-hand drawing functions (hour, minute, second) ✓
  4. [completed] Implement time-to-rotation calculation logic ✓
  5. [completed] Implement requestAnimationFrame render loop ✓
  6. [pending] Create self-contained clock.html with no external dependencies
INFO:httpx:HTTP Request: POST http://host.docker.internal:1234/v1/chat/completions "HTTP/1.1 200 OK"
INFO:httpx:HTTP Request: POST http://host.docker.internal:1234/v1/chat/completions "HTTP/1.1 200 OK"
INFO:httpx:HTTP Request: POST http://host.docker.internal:1234/v1/chat/completions "HTTP/1.1 200 OK"
INFO:tinycua.models.task:task_tree_mutation method=transition root=cbd4302985234771b51f061aee06c0f2 active=6d2a90f99c2a46bfafc4adca0e47efa3 completed=5/7 pending=1 in_progress=1
  1. [completed] Set up HTML structure with internal CSS ✓
  2. [completed] Implement Canvas-based analog clock face drawing ✓
  3. [completed] Implement time-hand drawing functions (hour, minute, second) ✓
  4. [completed] Implement time-to-rotation calculation logic ✓
  5. [completed] Implement requestAnimationFrame render loop ✓
  6. [in_progress] Create self-contained clock.html with no external dependencies
INFO:tinycua.models.task:task_tree_mutation method=record_result root=cbd4302985234771b51f061aee06c0f2 active=6d2a90f99c2a46bfafc4adca0e47efa3 completed=5/7 pending=1 in_progress=1
  1. [completed] Set up HTML structure with internal CSS ✓
  2. [completed] Implement Canvas-based analog clock face drawing ✓
  3. [completed] Implement time-hand drawing functions (hour, minute, second) ✓
  4. [completed] Implement time-to-rotation calculation logic ✓
  5. [completed] Implement requestAnimationFrame render loop ✓
  6. [in_progress] Create self-contained clock.html with no external dependencies ✓
INFO:tinycua.loops.tinycua_loop:task_tool=task_result_update requested_task_id=None resolved_task_id='6d2a90f99c2a46bfafc4adca0e47efa3'
INFO:tinycua.loops.node:node=task_executor record_output content_len=295
INFO:tinycua.models.task:task_tree_mutation method=transition root=cbd4302985234771b51f061aee06c0f2 active=cbd4302985234771b51f061aee06c0f2 completed=6/7 pending=1 in_progress=0
  1. [completed] Set up HTML structure with internal CSS ✓
  2. [completed] Implement Canvas-based analog clock face drawing ✓
  3. [completed] Implement time-hand drawing functions (hour, minute, second) ✓
  4. [completed] Implement time-to-rotation calculation logic ✓
  5. [completed] Implement requestAnimationFrame render loop ✓
  6. [completed] Create self-contained clock.html with no external dependencies ✓
INFO:httpx:HTTP Request: POST http://host.docker.internal:1234/v1/chat/completions "HTTP/1.1 200 OK"
INFO:httpx:HTTP Request: POST http://host.docker.internal:1234/v1/chat/completions "HTTP/1.1 200 OK"
INFO:tinycua.models.task:task_tree_mutation method=record_result root=cbd4302985234771b51f061aee06c0f2 active=cbd4302985234771b51f061aee06c0f2 completed=6/7 pending=0 in_progress=1
  1. [completed] Set up HTML structure with internal CSS ✓
  2. [completed] Implement Canvas-based analog clock face drawing ✓
  3. [completed] Implement time-hand drawing functions (hour, minute, second) ✓
  4. [completed] Implement time-to-rotation calculation logic ✓
  5. [completed] Implement requestAnimationFrame render loop ✓
  6. [completed] Create self-contained clock.html with no external dependencies ✓
INFO:tinycua.loops.tinycua_loop:task_tool=task_result_update requested_task_id=None resolved_task_id='cbd4302985234771b51f061aee06c0f2'
INFO:tinycua.loops.node:node=task_executor record_output content_len=242
INFO:tinycua.models.task:task_tree_mutation method=transition root=cbd4302985234771b51f061aee06c0f2 active=none completed=7/7 pending=0 in_progress=0
  1. [completed] Set up HTML structure with internal CSS ✓
  2. [completed] Implement Canvas-based analog clock face drawing ✓
  3. [completed] Implement time-hand drawing functions (hour, minute, second) ✓
  4. [completed] Implement time-to-rotation calculation logic ✓
  5. [completed] Implement requestAnimationFrame render loop ✓
  6. [completed] Create self-contained clock.html with no external dependencies ✓
INFO:httpx:HTTP Request: POST http://host.docker.internal:1234/v1/chat/completions "HTTP/1.1 200 OK"
INFO:tinycua.loops.node:node=result_aggregation record_output content_len=0
INFO:httpx:HTTP Request: POST http://host.docker.internal:1234/v1/chat/completions "HTTP/1.1 200 OK"
INFO:tinycua.loops.node:node=response record_output content_len=1164
Agent completed in 127.6s
=== NODE TRAVERSAL ===
query_analyst
worker
task_create
task_analyzer
analysis_effort
task_assessor
analysis_effort
task_assessor
analysis_effort
task_assessor
task_executor (×7)
result_aggregation
response

=== TRACE ===
[1] query_analyst (TinyCUAQueryAnalystNode) route=worker terminal=False

[2] worker (TinyCUAWorkerNode) route=task_creation terminal=False

[3] task_create (TinyCUATaskCreateNode) route=None terminal=False

[4] task_analyzer (TinyCUATaskAnalyzerNode) route=None terminal=False

[5] analysis_effort (TinyCUAAnalysisEffortNode) route=None terminal=False

[6] task_assessor (TinyCUATaskAssessorNode) route=None terminal=False

[7] analysis_effort (TinyCUAAnalysisEffortNode) route=None terminal=False

[8] task_assessor (TinyCUATaskAssessorNode) route=None terminal=False

[9] analysis_effort (TinyCUAAnalysisEffortNode) route=None terminal=False

[10] task_assessor (TinyCUATaskAssessorNode) route=None terminal=False

[11] task_executor (TinyCUATaskExecutorNode) route=None terminal=False

[12] task_executor (TinyCUATaskExecutorNode) route=None terminal=False

[13] task_executor (TinyCUATaskExecutorNode) route=None terminal=False

[14] task_executor (TinyCUATaskExecutorNode) route=None terminal=False

[15] task_executor (TinyCUATaskExecutorNode) route=None terminal=False

[16] task_executor (TinyCUATaskExecutorNode) route=None terminal=False

[17] task_executor (TinyCUATaskExecutorNode) route=None terminal=False

[18] result_aggregation (TinyCUAResultAggregationNode) route=None terminal=False

[19] response (ResponseNode) route=None terminal=True

=== FINAL RESPONSE ===
## Final Answer

**Task Complete: Self-Contained Analog Clock Application**

A fully functional analog clock has been created as a **single self-contained HTML file** (`clock.html`) with zero external dependencies. All components are embedded within the file:

### Key Deliverables
- **Canvas-based analog clock face**: Draws tick marks (with larger hour markers), number labels at 12/3/6/9 positions, and center circle
- **Time-to-rotation calculation**: Uses Date API to compute precise rotation angles for all hands (hours×30° + offset, minutes×6° + offset, seconds×6°)
- **Hand drawing functions**: Reusable `drawClockHand()` with configurable length/thickness; draws hour (dark grey), minute (dark grey), and second (red) hands with appropriate proportions
- **Continuous animation loop**: Uses `requestAnimationFrame` to update time and redraw the clock face on each frame

### Output Artifact
**File**: `clock.html` — Standalone HTML file containing complete HTML structure, internal CSS styling, Canvas drawing logic, time-hand calculations, and animation loop. No external dependencies required.

The application is ready for immediate use in any browser.
=== TASK TREE ===
Root (goal): Create clock.html - Analog Clock App with Animation
Task list (in execution order, numbered):

1. Task [completed] Set up HTML structure with internal CSS
2. Task [completed] Implement Canvas-based analog clock face drawing
3. Task [completed] Implement time-hand drawing functions (hour, minute, second)
4. Task [completed] Implement time-to-rotation calculation logic
5. Task [completed] Implement requestAnimationFrame render loop
6. Task [completed] Create self-contained clock.html with no external dependencies

=== WORKSPACE FILES ===
- .agent_scripts/README.md
- .agent_scripts/browser.py
- .agent_scripts/browser.sh
- .agent_scripts/search.sh
- TASK.md
- clock.html
=== workspace/export/create ===
=== workspace/export/copy ===
=== workspace/export/remove ===
=== workspace/seed/create ===
=== workspace/seed/copy ===
=== workspace/seed/remove ===
=== evaluator ===
second_hand: second hand renders at 60 degrees
minute_hand: minute hand renders from the frozen current time
hour_hand: hour hand renders from the frozen current time
second_updates_clockwise: scheduled update moves the second hand clockwise
minute_updates_clockwise: forward time moves the minute hand clockwise
hour_updates_clockwise: forward time moves the hour hand clockwise
=== workspace/export/create ===
=== workspace/export/copy ===
=== workspace/export/remove ===
