=== workspace/seed/create ===
=== workspace/seed/copy ===
=== workspace/seed/remove ===
=== agent ===
 Container experiment-searxng-1 Running 
 Container experiment-searxng-1 Waiting 
 Container experiment-searxng-1 Healthy 
 Container tinycua-template-agent-1eb78b68-d840-4e0d-9437-3a674c0194d3-6578706572696d656e742d35-74696e79637561 Creating 
 Container tinycua-template-agent-1eb78b68-d840-4e0d-9437-3a674c0194d3-6578706572696d656e742d35-74696e79637561 Created 
INFO:httpx:HTTP Request: GET http://host.docker.internal:1234/v1/models "HTTP/1.1 200 OK"
INFO:tinycua.cli.model_probe:max_context_probe_no_field fallback=128000
INFO:httpx:HTTP Request: POST http://host.docker.internal:1234/v1/chat/completions "HTTP/1.1 200 OK"
INFO:tinycua.loops.node:node=query_analyst record_output content_len=0
INFO:httpx:HTTP Request: POST http://host.docker.internal:1234/v1/chat/completions "HTTP/1.1 200 OK"
INFO:httpx:HTTP Request: POST http://host.docker.internal:1234/v1/chat/completions "HTTP/1.1 200 OK"
INFO:tinycua.loops.node:node=digester record_output content_len=0
INFO:httpx:HTTP Request: POST http://host.docker.internal:1234/v1/chat/completions "HTTP/1.1 200 OK"
INFO:tinycua.loops.node:node=worker record_output content_len=0
INFO:httpx:HTTP Request: POST http://host.docker.internal:1234/v1/chat/completions "HTTP/1.1 200 OK"
INFO:tinycua.models.task:task_tree_mutation method=create_task root=9371ed49ba934ef4bca556f75b67df7d active=9371ed49ba934ef4bca556f75b67df7d completed=0/1 pending=1 in_progress=0
INFO:tinycua.loops.node:node=task_create record_output content_len=0
INFO:httpx:HTTP Request: POST http://host.docker.internal:1234/v1/chat/completions "HTTP/1.1 200 OK"
INFO:httpx:HTTP Request: POST http://host.docker.internal:1234/v1/chat/completions "HTTP/1.1 200 OK"
INFO:tinycua.loops.tinycua_loop:task_tool=task_update requested_task_id='9371ed49ba934ef4bca556f75b67df7d' resolved_task_id=None
INFO:httpx:HTTP Request: POST http://host.docker.internal:1234/v1/chat/completions "HTTP/1.1 200 OK"
INFO:tinycua.models.task:task_tree_mutation method=decompose_task root=9371ed49ba934ef4bca556f75b67df7d active=c21c06ac97c44ab4b67cd5d7d8f05386 completed=0/8 pending=8 in_progress=0
  1. [pending] Write Markdown structure with title, table of contents, and section headers
  2. [pending] Explain backpropagation with mathematical notation and step-by-step algorithm
  3. [pending] Explain gradient descent optimization with learning rate and loss landscape
  4. [pending] Explain self-attention mechanism with Q/K/V matrices and attention scores
  5. [pending] Explain positional encoding and sequence position representation
  6. [pending] Explain encoder-decoder architecture for sequence-to-sequence tasks
  7. [pending] Create practical study plan with schedule and exercises
INFO:tinycua.loops.node:node=task_analyzer record_output content_len=0
INFO:httpx:HTTP Request: POST http://host.docker.internal:1234/v1/chat/completions "HTTP/1.1 200 OK"
INFO:httpx:HTTP Request: POST http://host.docker.internal:1234/v1/chat/completions "HTTP/1.1 200 OK"
INFO:tinycua.loops.node:node=task_assessor record_output content_len=0
INFO:httpx:HTTP Request: POST http://host.docker.internal:1234/v1/chat/completions "HTTP/1.1 200 OK"
INFO:httpx:HTTP Request: POST http://host.docker.internal:1234/v1/chat/completions "HTTP/1.1 200 OK"
INFO:tinycua.loops.node:node=task_assessor record_output content_len=0
INFO:httpx:HTTP Request: POST http://host.docker.internal:1234/v1/chat/completions "HTTP/1.1 200 OK"
INFO:httpx:HTTP Request: POST http://host.docker.internal:1234/v1/chat/completions "HTTP/1.1 200 OK"
INFO:tinycua.loops.node:node=task_assessor record_output content_len=0
INFO:httpx:HTTP Request: POST http://host.docker.internal:1234/v1/chat/completions "HTTP/1.1 200 OK"
INFO:httpx:HTTP Request: POST http://host.docker.internal:1234/v1/chat/completions "HTTP/1.1 200 OK"
INFO:httpx:HTTP Request: POST http://host.docker.internal:1234/v1/chat/completions "HTTP/1.1 200 OK"
INFO:httpx:HTTP Request: POST http://host.docker.internal:1234/v1/chat/completions "HTTP/1.1 200 OK"
INFO:httpx:HTTP Request: POST http://host.docker.internal:1234/v1/chat/completions "HTTP/1.1 200 OK"
INFO:httpx:HTTP Request: POST http://host.docker.internal:1234/v1/chat/completions "HTTP/1.1 200 OK"
INFO:tinycua.models.task:task_tree_mutation method=transition root=9371ed49ba934ef4bca556f75b67df7d active=c21c06ac97c44ab4b67cd5d7d8f05386 completed=0/8 pending=7 in_progress=1
  1. [in_progress] Write Markdown structure with title, table of contents, and section headers
  2. [pending] Explain backpropagation with mathematical notation and step-by-step algorithm
  3. [pending] Explain gradient descent optimization with learning rate and loss landscape
  4. [pending] Explain self-attention mechanism with Q/K/V matrices and attention scores
  5. [pending] Explain positional encoding and sequence position representation
  6. [pending] Explain encoder-decoder architecture for sequence-to-sequence tasks
  7. [pending] Create practical study plan with schedule and exercises
INFO:tinycua.models.task:task_tree_mutation method=record_result root=9371ed49ba934ef4bca556f75b67df7d active=c21c06ac97c44ab4b67cd5d7d8f05386 completed=0/8 pending=7 in_progress=1
  1. [in_progress] Write Markdown structure with title, table of contents, and section headers ✓
  2. [pending] Explain backpropagation with mathematical notation and step-by-step algorithm
  3. [pending] Explain gradient descent optimization with learning rate and loss landscape
  4. [pending] Explain self-attention mechanism with Q/K/V matrices and attention scores
  5. [pending] Explain positional encoding and sequence position representation
  6. [pending] Explain encoder-decoder architecture for sequence-to-sequence tasks
  7. [pending] Create practical study plan with schedule and exercises
INFO:tinycua.loops.tinycua_loop:task_tool=task_result_update requested_task_id=None resolved_task_id='c21c06ac97c44ab4b67cd5d7d8f05386'
INFO:tinycua.loops.node:node=task_executor record_output content_len=639
INFO:httpx:HTTP Request: POST http://host.docker.internal:1234/v1/chat/completions "HTTP/1.1 200 OK"
INFO:httpx:HTTP Request: POST http://host.docker.internal:1234/v1/chat/completions "HTTP/1.1 200 OK"
INFO:tinycua.loops.tinycua_loop:task_tool=task_review_decision requested_task_id=None resolved_task_id='c21c06ac97c44ab4b67cd5d7d8f05386'
INFO:tinycua.models.task:task_tree_mutation method=transition root=9371ed49ba934ef4bca556f75b67df7d active=121c857c41c74fc586a6a9525ec58dea completed=1/8 pending=7 in_progress=0
  1. [completed] Write Markdown structure with title, table of contents, and section headers ✓
  2. [pending] Explain backpropagation with mathematical notation and step-by-step algorithm
  3. [pending] Explain gradient descent optimization with learning rate and loss landscape
  4. [pending] Explain self-attention mechanism with Q/K/V matrices and attention scores
  5. [pending] Explain positional encoding and sequence position representation
  6. [pending] Explain encoder-decoder architecture for sequence-to-sequence tasks
  7. [pending] Create practical study plan with schedule and exercises
INFO:tinycua.models.task:task_tree_mutation method=record_reviewer_decision root=9371ed49ba934ef4bca556f75b67df7d active=121c857c41c74fc586a6a9525ec58dea completed=1/8 pending=7 in_progress=0
  1. [completed] Write Markdown structure with title, table of contents, and section headers ✓
  2. [pending] Explain backpropagation with mathematical notation and step-by-step algorithm
  3. [pending] Explain gradient descent optimization with learning rate and loss landscape
  4. [pending] Explain self-attention mechanism with Q/K/V matrices and attention scores
  5. [pending] Explain positional encoding and sequence position representation
  6. [pending] Explain encoder-decoder architecture for sequence-to-sequence tasks
  7. [pending] Create practical study plan with schedule and exercises
INFO:tinycua.loops.node:node=result_reviewer record_output content_len=0
INFO:httpx:HTTP Request: POST http://host.docker.internal:1234/v1/chat/completions "HTTP/1.1 200 OK"
INFO:httpx:HTTP Request: POST http://host.docker.internal:1234/v1/chat/completions "HTTP/1.1 200 OK"
INFO:httpx:HTTP Request: POST http://host.docker.internal:1234/v1/chat/completions "HTTP/1.1 200 OK"
INFO:tinycua.models.task:task_tree_mutation method=transition root=9371ed49ba934ef4bca556f75b67df7d active=121c857c41c74fc586a6a9525ec58dea completed=1/8 pending=6 in_progress=1
  1. [completed] Write Markdown structure with title, table of contents, and section headers ✓
  2. [in_progress] Explain backpropagation with mathematical notation and step-by-step algorithm
  3. [pending] Explain gradient descent optimization with learning rate and loss landscape
  4. [pending] Explain self-attention mechanism with Q/K/V matrices and attention scores
  5. [pending] Explain positional encoding and sequence position representation
  6. [pending] Explain encoder-decoder architecture for sequence-to-sequence tasks
  7. [pending] Create practical study plan with schedule and exercises
INFO:tinycua.models.task:task_tree_mutation method=record_result root=9371ed49ba934ef4bca556f75b67df7d active=121c857c41c74fc586a6a9525ec58dea completed=1/8 pending=6 in_progress=1
  1. [completed] Write Markdown structure with title, table of contents, and section headers ✓
  2. [in_progress] Explain backpropagation with mathematical notation and step-by-step algorithm ✓
  3. [pending] Explain gradient descent optimization with learning rate and loss landscape
  4. [pending] Explain self-attention mechanism with Q/K/V matrices and attention scores
  5. [pending] Explain positional encoding and sequence position representation
  6. [pending] Explain encoder-decoder architecture for sequence-to-sequence tasks
  7. [pending] Create practical study plan with schedule and exercises
INFO:tinycua.loops.tinycua_loop:task_tool=task_result_update requested_task_id=None resolved_task_id='121c857c41c74fc586a6a9525ec58dea'
INFO:tinycua.loops.node:node=task_executor record_output content_len=428
INFO:httpx:HTTP Request: POST http://host.docker.internal:1234/v1/chat/completions "HTTP/1.1 200 OK"
INFO:httpx:HTTP Request: POST http://host.docker.internal:1234/v1/chat/completions "HTTP/1.1 200 OK"
INFO:httpx:HTTP Request: POST http://host.docker.internal:1234/v1/chat/completions "HTTP/1.1 200 OK"
INFO:tinycua.loops.tinycua_loop:task_tool=task_review_decision requested_task_id=None resolved_task_id='121c857c41c74fc586a6a9525ec58dea'
INFO:tinycua.models.task:task_tree_mutation method=transition root=9371ed49ba934ef4bca556f75b67df7d active=6f18441fd0344897839bbace8b641274 completed=2/8 pending=6 in_progress=0
  1. [completed] Write Markdown structure with title, table of contents, and section headers ✓
  2. [completed] Explain backpropagation with mathematical notation and step-by-step algorithm ✓
  3. [pending] Explain gradient descent optimization with learning rate and loss landscape
  4. [pending] Explain self-attention mechanism with Q/K/V matrices and attention scores
  5. [pending] Explain positional encoding and sequence position representation
  6. [pending] Explain encoder-decoder architecture for sequence-to-sequence tasks
  7. [pending] Create practical study plan with schedule and exercises
INFO:tinycua.models.task:task_tree_mutation method=record_reviewer_decision root=9371ed49ba934ef4bca556f75b67df7d active=6f18441fd0344897839bbace8b641274 completed=2/8 pending=6 in_progress=0
  1. [completed] Write Markdown structure with title, table of contents, and section headers ✓
  2. [completed] Explain backpropagation with mathematical notation and step-by-step algorithm ✓
  3. [pending] Explain gradient descent optimization with learning rate and loss landscape
  4. [pending] Explain self-attention mechanism with Q/K/V matrices and attention scores
  5. [pending] Explain positional encoding and sequence position representation
  6. [pending] Explain encoder-decoder architecture for sequence-to-sequence tasks
  7. [pending] Create practical study plan with schedule and exercises
INFO:tinycua.loops.node:node=result_reviewer record_output content_len=0
INFO:httpx:HTTP Request: POST http://host.docker.internal:1234/v1/chat/completions "HTTP/1.1 200 OK"
INFO:httpx:HTTP Request: POST http://host.docker.internal:1234/v1/chat/completions "HTTP/1.1 200 OK"
INFO:httpx:HTTP Request: POST http://host.docker.internal:1234/v1/chat/completions "HTTP/1.1 200 OK"
INFO:tinycua.models.task:task_tree_mutation method=transition root=9371ed49ba934ef4bca556f75b67df7d active=6f18441fd0344897839bbace8b641274 completed=2/8 pending=5 in_progress=1
  1. [completed] Write Markdown structure with title, table of contents, and section headers ✓
  2. [completed] Explain backpropagation with mathematical notation and step-by-step algorithm ✓
  3. [in_progress] Explain gradient descent optimization with learning rate and loss landscape
  4. [pending] Explain self-attention mechanism with Q/K/V matrices and attention scores
  5. [pending] Explain positional encoding and sequence position representation
  6. [pending] Explain encoder-decoder architecture for sequence-to-sequence tasks
  7. [pending] Create practical study plan with schedule and exercises
INFO:tinycua.models.task:task_tree_mutation method=record_result root=9371ed49ba934ef4bca556f75b67df7d active=6f18441fd0344897839bbace8b641274 completed=2/8 pending=5 in_progress=1
  1. [completed] Write Markdown structure with title, table of contents, and section headers ✓
  2. [completed] Explain backpropagation with mathematical notation and step-by-step algorithm ✓
  3. [in_progress] Explain gradient descent optimization with learning rate and loss landscape ✓
  4. [pending] Explain self-attention mechanism with Q/K/V matrices and attention scores
  5. [pending] Explain positional encoding and sequence position representation
  6. [pending] Explain encoder-decoder architecture for sequence-to-sequence tasks
  7. [pending] Create practical study plan with schedule and exercises
INFO:tinycua.loops.tinycua_loop:task_tool=task_result_update requested_task_id=None resolved_task_id='6f18441fd0344897839bbace8b641274'
INFO:tinycua.loops.node:node=task_executor record_output content_len=627
INFO:httpx:HTTP Request: POST http://host.docker.internal:1234/v1/chat/completions "HTTP/1.1 200 OK"
INFO:httpx:HTTP Request: POST http://host.docker.internal:1234/v1/chat/completions "HTTP/1.1 200 OK"
INFO:tinycua.loops.tinycua_loop:task_tool=task_review_decision requested_task_id=None resolved_task_id='6f18441fd0344897839bbace8b641274'
INFO:tinycua.models.task:task_tree_mutation method=transition root=9371ed49ba934ef4bca556f75b67df7d active=8ed55d001206476b8b938fa53bebcaca completed=3/8 pending=5 in_progress=0
  1. [completed] Write Markdown structure with title, table of contents, and section headers ✓
  2. [completed] Explain backpropagation with mathematical notation and step-by-step algorithm ✓
  3. [completed] Explain gradient descent optimization with learning rate and loss landscape ✓
  4. [pending] Explain self-attention mechanism with Q/K/V matrices and attention scores
  5. [pending] Explain positional encoding and sequence position representation
  6. [pending] Explain encoder-decoder architecture for sequence-to-sequence tasks
  7. [pending] Create practical study plan with schedule and exercises
INFO:tinycua.models.task:task_tree_mutation method=record_reviewer_decision root=9371ed49ba934ef4bca556f75b67df7d active=8ed55d001206476b8b938fa53bebcaca completed=3/8 pending=5 in_progress=0
  1. [completed] Write Markdown structure with title, table of contents, and section headers ✓
  2. [completed] Explain backpropagation with mathematical notation and step-by-step algorithm ✓
  3. [completed] Explain gradient descent optimization with learning rate and loss landscape ✓
  4. [pending] Explain self-attention mechanism with Q/K/V matrices and attention scores
  5. [pending] Explain positional encoding and sequence position representation
  6. [pending] Explain encoder-decoder architecture for sequence-to-sequence tasks
  7. [pending] Create practical study plan with schedule and exercises
INFO:tinycua.loops.node:node=result_reviewer record_output content_len=0
INFO:httpx:HTTP Request: POST http://host.docker.internal:1234/v1/chat/completions "HTTP/1.1 200 OK"
INFO:httpx:HTTP Request: POST http://host.docker.internal:1234/v1/chat/completions "HTTP/1.1 200 OK"
INFO:httpx:HTTP Request: POST http://host.docker.internal:1234/v1/chat/completions "HTTP/1.1 200 OK"
INFO:tinycua.models.task:task_tree_mutation method=transition root=9371ed49ba934ef4bca556f75b67df7d active=8ed55d001206476b8b938fa53bebcaca completed=3/8 pending=4 in_progress=1
  1. [completed] Write Markdown structure with title, table of contents, and section headers ✓
  2. [completed] Explain backpropagation with mathematical notation and step-by-step algorithm ✓
  3. [completed] Explain gradient descent optimization with learning rate and loss landscape ✓
  4. [in_progress] Explain self-attention mechanism with Q/K/V matrices and attention scores
  5. [pending] Explain positional encoding and sequence position representation
  6. [pending] Explain encoder-decoder architecture for sequence-to-sequence tasks
  7. [pending] Create practical study plan with schedule and exercises
INFO:tinycua.models.task:task_tree_mutation method=record_result root=9371ed49ba934ef4bca556f75b67df7d active=8ed55d001206476b8b938fa53bebcaca completed=3/8 pending=4 in_progress=1
  1. [completed] Write Markdown structure with title, table of contents, and section headers ✓
  2. [completed] Explain backpropagation with mathematical notation and step-by-step algorithm ✓
  3. [completed] Explain gradient descent optimization with learning rate and loss landscape ✓
  4. [in_progress] Explain self-attention mechanism with Q/K/V matrices and attention scores ✓
  5. [pending] Explain positional encoding and sequence position representation
  6. [pending] Explain encoder-decoder architecture for sequence-to-sequence tasks
  7. [pending] Create practical study plan with schedule and exercises
INFO:tinycua.loops.tinycua_loop:task_tool=task_result_update requested_task_id=None resolved_task_id='8ed55d001206476b8b938fa53bebcaca'
INFO:tinycua.loops.node:node=task_executor record_output content_len=493
INFO:httpx:HTTP Request: POST http://host.docker.internal:1234/v1/chat/completions "HTTP/1.1 200 OK"
INFO:httpx:HTTP Request: POST http://host.docker.internal:1234/v1/chat/completions "HTTP/1.1 200 OK"
INFO:tinycua.loops.tinycua_loop:task_tool=task_review_decision requested_task_id=None resolved_task_id='8ed55d001206476b8b938fa53bebcaca'
INFO:tinycua.models.task:task_tree_mutation method=transition root=9371ed49ba934ef4bca556f75b67df7d active=e0372f9c1e6848238f25a420feeb4f72 completed=4/8 pending=4 in_progress=0
  1. [completed] Write Markdown structure with title, table of contents, and section headers ✓
  2. [completed] Explain backpropagation with mathematical notation and step-by-step algorithm ✓
  3. [completed] Explain gradient descent optimization with learning rate and loss landscape ✓
  4. [completed] Explain self-attention mechanism with Q/K/V matrices and attention scores ✓
  5. [pending] Explain positional encoding and sequence position representation
  6. [pending] Explain encoder-decoder architecture for sequence-to-sequence tasks
  7. [pending] Create practical study plan with schedule and exercises
INFO:tinycua.models.task:task_tree_mutation method=record_reviewer_decision root=9371ed49ba934ef4bca556f75b67df7d active=e0372f9c1e6848238f25a420feeb4f72 completed=4/8 pending=4 in_progress=0
  1. [completed] Write Markdown structure with title, table of contents, and section headers ✓
  2. [completed] Explain backpropagation with mathematical notation and step-by-step algorithm ✓
  3. [completed] Explain gradient descent optimization with learning rate and loss landscape ✓
  4. [completed] Explain self-attention mechanism with Q/K/V matrices and attention scores ✓
  5. [pending] Explain positional encoding and sequence position representation
  6. [pending] Explain encoder-decoder architecture for sequence-to-sequence tasks
  7. [pending] Create practical study plan with schedule and exercises
INFO:tinycua.loops.node:node=result_reviewer record_output content_len=0
INFO:httpx:HTTP Request: POST http://host.docker.internal:1234/v1/chat/completions "HTTP/1.1 200 OK"
INFO:httpx:HTTP Request: POST http://host.docker.internal:1234/v1/chat/completions "HTTP/1.1 200 OK"
INFO:httpx:HTTP Request: POST http://host.docker.internal:1234/v1/chat/completions "HTTP/1.1 200 OK"
INFO:tinycua.models.task:task_tree_mutation method=transition root=9371ed49ba934ef4bca556f75b67df7d active=e0372f9c1e6848238f25a420feeb4f72 completed=4/8 pending=3 in_progress=1
  1. [completed] Write Markdown structure with title, table of contents, and section headers ✓
  2. [completed] Explain backpropagation with mathematical notation and step-by-step algorithm ✓
  3. [completed] Explain gradient descent optimization with learning rate and loss landscape ✓
  4. [completed] Explain self-attention mechanism with Q/K/V matrices and attention scores ✓
  5. [in_progress] Explain positional encoding and sequence position representation
  6. [pending] Explain encoder-decoder architecture for sequence-to-sequence tasks
  7. [pending] Create practical study plan with schedule and exercises
INFO:tinycua.models.task:task_tree_mutation method=record_result root=9371ed49ba934ef4bca556f75b67df7d active=e0372f9c1e6848238f25a420feeb4f72 completed=4/8 pending=3 in_progress=1
  1. [completed] Write Markdown structure with title, table of contents, and section headers ✓
  2. [completed] Explain backpropagation with mathematical notation and step-by-step algorithm ✓
  3. [completed] Explain gradient descent optimization with learning rate and loss landscape ✓
  4. [completed] Explain self-attention mechanism with Q/K/V matrices and attention scores ✓
  5. [in_progress] Explain positional encoding and sequence position representation ✓
  6. [pending] Explain encoder-decoder architecture for sequence-to-sequence tasks
  7. [pending] Create practical study plan with schedule and exercises
INFO:tinycua.loops.tinycua_loop:task_tool=task_result_update requested_task_id=None resolved_task_id='e0372f9c1e6848238f25a420feeb4f72'
INFO:tinycua.loops.node:node=task_executor record_output content_len=724
INFO:httpx:HTTP Request: POST http://host.docker.internal:1234/v1/chat/completions "HTTP/1.1 200 OK"
INFO:httpx:HTTP Request: POST http://host.docker.internal:1234/v1/chat/completions "HTTP/1.1 200 OK"
INFO:tinycua.loops.tinycua_loop:task_tool=task_review_decision requested_task_id=None resolved_task_id='e0372f9c1e6848238f25a420feeb4f72'
INFO:tinycua.models.task:task_tree_mutation method=transition root=9371ed49ba934ef4bca556f75b67df7d active=e19b770615bb44cb91d8fb4f26ea6baa completed=5/8 pending=3 in_progress=0
  1. [completed] Write Markdown structure with title, table of contents, and section headers ✓
  2. [completed] Explain backpropagation with mathematical notation and step-by-step algorithm ✓
  3. [completed] Explain gradient descent optimization with learning rate and loss landscape ✓
  4. [completed] Explain self-attention mechanism with Q/K/V matrices and attention scores ✓
  5. [completed] Explain positional encoding and sequence position representation ✓
  6. [pending] Explain encoder-decoder architecture for sequence-to-sequence tasks
  7. [pending] Create practical study plan with schedule and exercises
INFO:tinycua.models.task:task_tree_mutation method=record_reviewer_decision root=9371ed49ba934ef4bca556f75b67df7d active=e19b770615bb44cb91d8fb4f26ea6baa completed=5/8 pending=3 in_progress=0
  1. [completed] Write Markdown structure with title, table of contents, and section headers ✓
  2. [completed] Explain backpropagation with mathematical notation and step-by-step algorithm ✓
  3. [completed] Explain gradient descent optimization with learning rate and loss landscape ✓
  4. [completed] Explain self-attention mechanism with Q/K/V matrices and attention scores ✓
  5. [completed] Explain positional encoding and sequence position representation ✓
  6. [pending] Explain encoder-decoder architecture for sequence-to-sequence tasks
  7. [pending] Create practical study plan with schedule and exercises
INFO:tinycua.loops.node:node=result_reviewer record_output content_len=0
INFO:httpx:HTTP Request: POST http://host.docker.internal:1234/v1/chat/completions "HTTP/1.1 200 OK"
INFO:httpx:HTTP Request: POST http://host.docker.internal:1234/v1/chat/completions "HTTP/1.1 200 OK"
INFO:httpx:HTTP Request: POST http://host.docker.internal:1234/v1/chat/completions "HTTP/1.1 200 OK"
INFO:tinycua.models.task:task_tree_mutation method=transition root=9371ed49ba934ef4bca556f75b67df7d active=e19b770615bb44cb91d8fb4f26ea6baa completed=5/8 pending=2 in_progress=1
  1. [completed] Write Markdown structure with title, table of contents, and section headers ✓
  2. [completed] Explain backpropagation with mathematical notation and step-by-step algorithm ✓
  3. [completed] Explain gradient descent optimization with learning rate and loss landscape ✓
  4. [completed] Explain self-attention mechanism with Q/K/V matrices and attention scores ✓
  5. [completed] Explain positional encoding and sequence position representation ✓
  6. [in_progress] Explain encoder-decoder architecture for sequence-to-sequence tasks
  7. [pending] Create practical study plan with schedule and exercises
INFO:tinycua.models.task:task_tree_mutation method=record_result root=9371ed49ba934ef4bca556f75b67df7d active=e19b770615bb44cb91d8fb4f26ea6baa completed=5/8 pending=2 in_progress=1
  1. [completed] Write Markdown structure with title, table of contents, and section headers ✓
  2. [completed] Explain backpropagation with mathematical notation and step-by-step algorithm ✓
  3. [completed] Explain gradient descent optimization with learning rate and loss landscape ✓
  4. [completed] Explain self-attention mechanism with Q/K/V matrices and attention scores ✓
  5. [completed] Explain positional encoding and sequence position representation ✓
  6. [in_progress] Explain encoder-decoder architecture for sequence-to-sequence tasks ✓
  7. [pending] Create practical study plan with schedule and exercises
INFO:tinycua.loops.tinycua_loop:task_tool=task_result_update requested_task_id=None resolved_task_id='e19b770615bb44cb91d8fb4f26ea6baa'
INFO:tinycua.loops.node:node=task_executor record_output content_len=623
INFO:httpx:HTTP Request: POST http://host.docker.internal:1234/v1/chat/completions "HTTP/1.1 200 OK"
INFO:httpx:HTTP Request: POST http://host.docker.internal:1234/v1/chat/completions "HTTP/1.1 200 OK"
INFO:httpx:HTTP Request: POST http://host.docker.internal:1234/v1/chat/completions "HTTP/1.1 200 OK"
INFO:httpx:HTTP Request: POST http://host.docker.internal:1234/v1/chat/completions "HTTP/1.1 200 OK"
INFO:httpx:HTTP Request: POST http://host.docker.internal:1234/v1/chat/completions "HTTP/1.1 200 OK"
INFO:httpx:HTTP Request: POST http://host.docker.internal:1234/v1/chat/completions "HTTP/1.1 200 OK"
INFO:httpx:HTTP Request: POST http://host.docker.internal:1234/v1/chat/completions "HTTP/1.1 200 OK"
INFO:httpx:HTTP Request: POST http://host.docker.internal:1234/v1/chat/completions "HTTP/1.1 200 OK"
INFO:tinycua.loops.tinycua_loop:task_tool=task_review_decision requested_task_id=None resolved_task_id='e19b770615bb44cb91d8fb4f26ea6baa'
INFO:tinycua.models.task:task_tree_mutation method=transition root=9371ed49ba934ef4bca556f75b67df7d active=39fe6138c1cc410eb2a4394b9bdd00b7 completed=6/8 pending=2 in_progress=0
  1. [completed] Write Markdown structure with title, table of contents, and section headers ✓
  2. [completed] Explain backpropagation with mathematical notation and step-by-step algorithm ✓
  3. [completed] Explain gradient descent optimization with learning rate and loss landscape ✓
  4. [completed] Explain self-attention mechanism with Q/K/V matrices and attention scores ✓
  5. [completed] Explain positional encoding and sequence position representation ✓
  6. [completed] Explain encoder-decoder architecture for sequence-to-sequence tasks ✓
  7. [pending] Create practical study plan with schedule and exercises
INFO:tinycua.models.task:task_tree_mutation method=record_reviewer_decision root=9371ed49ba934ef4bca556f75b67df7d active=39fe6138c1cc410eb2a4394b9bdd00b7 completed=6/8 pending=2 in_progress=0
  1. [completed] Write Markdown structure with title, table of contents, and section headers ✓
  2. [completed] Explain backpropagation with mathematical notation and step-by-step algorithm ✓
  3. [completed] Explain gradient descent optimization with learning rate and loss landscape ✓
  4. [completed] Explain self-attention mechanism with Q/K/V matrices and attention scores ✓
  5. [completed] Explain positional encoding and sequence position representation ✓
  6. [completed] Explain encoder-decoder architecture for sequence-to-sequence tasks ✓
  7. [pending] Create practical study plan with schedule and exercises
INFO:tinycua.loops.node:node=result_reviewer record_output content_len=0
INFO:httpx:HTTP Request: POST http://host.docker.internal:1234/v1/chat/completions "HTTP/1.1 200 OK"
INFO:httpx:HTTP Request: POST http://host.docker.internal:1234/v1/chat/completions "HTTP/1.1 200 OK"
INFO:httpx:HTTP Request: POST http://host.docker.internal:1234/v1/chat/completions "HTTP/1.1 200 OK"
INFO:tinycua.models.task:task_tree_mutation method=transition root=9371ed49ba934ef4bca556f75b67df7d active=39fe6138c1cc410eb2a4394b9bdd00b7 completed=6/8 pending=1 in_progress=1
  1. [completed] Write Markdown structure with title, table of contents, and section headers ✓
  2. [completed] Explain backpropagation with mathematical notation and step-by-step algorithm ✓
  3. [completed] Explain gradient descent optimization with learning rate and loss landscape ✓
  4. [completed] Explain self-attention mechanism with Q/K/V matrices and attention scores ✓
  5. [completed] Explain positional encoding and sequence position representation ✓
  6. [completed] Explain encoder-decoder architecture for sequence-to-sequence tasks ✓
  7. [in_progress] Create practical study plan with schedule and exercises
INFO:tinycua.models.task:task_tree_mutation method=record_result root=9371ed49ba934ef4bca556f75b67df7d active=39fe6138c1cc410eb2a4394b9bdd00b7 completed=6/8 pending=1 in_progress=1
  1. [completed] Write Markdown structure with title, table of contents, and section headers ✓
  2. [completed] Explain backpropagation with mathematical notation and step-by-step algorithm ✓
  3. [completed] Explain gradient descent optimization with learning rate and loss landscape ✓
  4. [completed] Explain self-attention mechanism with Q/K/V matrices and attention scores ✓
  5. [completed] Explain positional encoding and sequence position representation ✓
  6. [completed] Explain encoder-decoder architecture for sequence-to-sequence tasks ✓
  7. [in_progress] Create practical study plan with schedule and exercises ✓
INFO:tinycua.loops.tinycua_loop:task_tool=task_result_update requested_task_id=None resolved_task_id='39fe6138c1cc410eb2a4394b9bdd00b7'
INFO:tinycua.loops.node:node=task_executor record_output content_len=331
INFO:httpx:HTTP Request: POST http://host.docker.internal:1234/v1/chat/completions "HTTP/1.1 200 OK"
INFO:httpx:HTTP Request: POST http://host.docker.internal:1234/v1/chat/completions "HTTP/1.1 200 OK"
INFO:tinycua.loops.tinycua_loop:task_tool=task_review_decision requested_task_id=None resolved_task_id='39fe6138c1cc410eb2a4394b9bdd00b7'
INFO:tinycua.models.task:task_tree_mutation method=transition root=9371ed49ba934ef4bca556f75b67df7d active=9371ed49ba934ef4bca556f75b67df7d completed=7/8 pending=1 in_progress=0
  1. [completed] Write Markdown structure with title, table of contents, and section headers ✓
  2. [completed] Explain backpropagation with mathematical notation and step-by-step algorithm ✓
  3. [completed] Explain gradient descent optimization with learning rate and loss landscape ✓
  4. [completed] Explain self-attention mechanism with Q/K/V matrices and attention scores ✓
  5. [completed] Explain positional encoding and sequence position representation ✓
  6. [completed] Explain encoder-decoder architecture for sequence-to-sequence tasks ✓
  7. [completed] Create practical study plan with schedule and exercises ✓
INFO:tinycua.models.task:task_tree_mutation method=record_reviewer_decision root=9371ed49ba934ef4bca556f75b67df7d active=9371ed49ba934ef4bca556f75b67df7d completed=7/8 pending=0 in_progress=1
  1. [completed] Write Markdown structure with title, table of contents, and section headers ✓
  2. [completed] Explain backpropagation with mathematical notation and step-by-step algorithm ✓
  3. [completed] Explain gradient descent optimization with learning rate and loss landscape ✓
  4. [completed] Explain self-attention mechanism with Q/K/V matrices and attention scores ✓
  5. [completed] Explain positional encoding and sequence position representation ✓
  6. [completed] Explain encoder-decoder architecture for sequence-to-sequence tasks ✓
  7. [completed] Create practical study plan with schedule and exercises ✓
INFO:tinycua.loops.node:node=result_reviewer record_output content_len=0
INFO:httpx:HTTP Request: POST http://host.docker.internal:1234/v1/chat/completions "HTTP/1.1 200 OK"
INFO:httpx:HTTP Request: POST http://host.docker.internal:1234/v1/chat/completions "HTTP/1.1 200 OK"
INFO:tinycua.models.task:task_tree_mutation method=record_result root=9371ed49ba934ef4bca556f75b67df7d active=9371ed49ba934ef4bca556f75b67df7d completed=7/8 pending=0 in_progress=1
  1. [completed] Write Markdown structure with title, table of contents, and section headers ✓
  2. [completed] Explain backpropagation with mathematical notation and step-by-step algorithm ✓
  3. [completed] Explain gradient descent optimization with learning rate and loss landscape ✓
  4. [completed] Explain self-attention mechanism with Q/K/V matrices and attention scores ✓
  5. [completed] Explain positional encoding and sequence position representation ✓
  6. [completed] Explain encoder-decoder architecture for sequence-to-sequence tasks ✓
  7. [completed] Create practical study plan with schedule and exercises ✓
INFO:tinycua.loops.tinycua_loop:task_tool=task_result_update requested_task_id=None resolved_task_id='9371ed49ba934ef4bca556f75b67df7d'
INFO:tinycua.loops.node:node=task_executor record_output content_len=526
INFO:httpx:HTTP Request: POST http://host.docker.internal:1234/v1/chat/completions "HTTP/1.1 200 OK"
INFO:httpx:HTTP Request: POST http://host.docker.internal:1234/v1/chat/completions "HTTP/1.1 200 OK"
INFO:tinycua.loops.tinycua_loop:task_tool=task_review_decision requested_task_id=None resolved_task_id='9371ed49ba934ef4bca556f75b67df7d'
INFO:tinycua.models.task:task_tree_mutation method=transition root=9371ed49ba934ef4bca556f75b67df7d active=none completed=8/8 pending=0 in_progress=0
  1. [completed] Write Markdown structure with title, table of contents, and section headers ✓
  2. [completed] Explain backpropagation with mathematical notation and step-by-step algorithm ✓
  3. [completed] Explain gradient descent optimization with learning rate and loss landscape ✓
  4. [completed] Explain self-attention mechanism with Q/K/V matrices and attention scores ✓
  5. [completed] Explain positional encoding and sequence position representation ✓
  6. [completed] Explain encoder-decoder architecture for sequence-to-sequence tasks ✓
  7. [completed] Create practical study plan with schedule and exercises ✓
INFO:tinycua.models.task:task_tree_mutation method=record_reviewer_decision root=9371ed49ba934ef4bca556f75b67df7d active=none completed=8/8 pending=0 in_progress=0
  1. [completed] Write Markdown structure with title, table of contents, and section headers ✓
  2. [completed] Explain backpropagation with mathematical notation and step-by-step algorithm ✓
  3. [completed] Explain gradient descent optimization with learning rate and loss landscape ✓
  4. [completed] Explain self-attention mechanism with Q/K/V matrices and attention scores ✓
  5. [completed] Explain positional encoding and sequence position representation ✓
  6. [completed] Explain encoder-decoder architecture for sequence-to-sequence tasks ✓
  7. [completed] Create practical study plan with schedule and exercises ✓
INFO:tinycua.loops.node:node=result_reviewer record_output content_len=0
INFO:httpx:HTTP Request: POST http://host.docker.internal:1234/v1/chat/completions "HTTP/1.1 200 OK"
INFO:tinycua.loops.node:node=result_aggregation record_output content_len=0
INFO:httpx:HTTP Request: POST http://host.docker.internal:1234/v1/chat/completions "HTTP/1.1 200 OK"
INFO:tinycua.loops.node:node=response record_output content_len=1618
Agent completed in 315.7s
=== NODE TRAVERSAL ===
query_analyst
digester
worker
task_create
task_analyzer
analysis_effort
task_assessor
analysis_effort
task_assessor
analysis_effort
task_assessor
task_executor
result_reviewer
task_executor
result_reviewer
task_executor
result_reviewer
task_executor
result_reviewer
task_executor
result_reviewer
task_executor
result_reviewer
task_executor
result_reviewer
task_executor
result_reviewer
result_aggregation
response

=== TRACE ===
[1] query_analyst (TinyCUAQueryAnalystNode) route=worker terminal=False

[2] digester (TinyCUAInformationDigesterNode) route=None terminal=False

[3] worker (TinyCUAWorkerNode) route=task_creation terminal=False

[4] task_create (TinyCUATaskCreateNode) route=None terminal=False

[5] task_analyzer (TinyCUATaskAnalyzerNode) route=None terminal=False

[6] analysis_effort (TinyCUAAnalysisEffortNode) route=None terminal=False

[7] task_assessor (TinyCUATaskAssessorNode) route=None terminal=False

[8] analysis_effort (TinyCUAAnalysisEffortNode) route=None terminal=False

[9] task_assessor (TinyCUATaskAssessorNode) route=None terminal=False

[10] analysis_effort (TinyCUAAnalysisEffortNode) route=None terminal=False

[11] task_assessor (TinyCUATaskAssessorNode) route=None terminal=False

[12] task_executor (TinyCUATaskExecutorNode) route=None terminal=False

[13] result_reviewer (TinyCUAResultReviewerNode) route=None terminal=False

[14] task_executor (TinyCUATaskExecutorNode) route=None terminal=False

[15] result_reviewer (TinyCUAResultReviewerNode) route=None terminal=False

[16] task_executor (TinyCUATaskExecutorNode) route=None terminal=False

[17] result_reviewer (TinyCUAResultReviewerNode) route=None terminal=False

[18] task_executor (TinyCUATaskExecutorNode) route=None terminal=False

[19] result_reviewer (TinyCUAResultReviewerNode) route=None terminal=False

[20] task_executor (TinyCUATaskExecutorNode) route=None terminal=False

[21] result_reviewer (TinyCUAResultReviewerNode) route=None terminal=False

[22] task_executor (TinyCUATaskExecutorNode) route=None terminal=False

[23] result_reviewer (TinyCUAResultReviewerNode) route=None terminal=False

[24] task_executor (TinyCUATaskExecutorNode) route=None terminal=False

[25] result_reviewer (TinyCUAResultReviewerNode) route=None terminal=False

[26] task_executor (TinyCUATaskExecutorNode) route=None terminal=False

[27] result_reviewer (TinyCUAResultReviewerNode) route=None terminal=False

[28] result_aggregation (TinyCUAResultAggregationNode) route=None terminal=False

[29] response (ResponseNode) route=None terminal=True

=== FINAL RESPONSE ===
# Comprehensive Study Guide on Neural Networks and Transformer Models — Final Summary

A complete **study-guide.md** file has been created in the workspace with comprehensive coverage of all requested topics:

## Key Sections Included:

1. **Backpropagation** (Section 2) — Mathematical notation, chain rule derivation, step-by-step algorithm, and Python implementation
2. **Gradient Descent Optimization** (Section 3) — Learning rate schedules (cosine/step decay), mini-batch vs full batch variants, loss landscape analysis, and momentum/Adam solutions
3. **Self-Attention Mechanism** (Section 4) — Q/K/V matrix mechanics, scaled dot-product attention formula (QK^T/√d_k) with softmax normalization, multi-head attention architecture, plus implementation code
4. **Positional Encoding** (Section 5) — Sinusoidal encoding formulas, Python implementation, alternative encodings table, and causal masking explanation
5. **Encoder-Decoder Architecture** (Section 6) — Full encoder/decoder structure (multi-head self-attention, FFN, layer norm, residual connections), causal masking, cross-attention, plus complete Python implementations for EncoderLayer, DecoderLayer, and TransformerModel
6. **Practical Study Plan** (Section 7) — 12-week schedule table covering all topics, daily exercises for Weeks 1-4, recommended resources, self-assessment checklist, and capstone project ideas

## File Location: `/workspace/study-guide.md`

All content includes clear markdown structure with title, linked table of contents, descriptive headers, multiple fenced code blocks with implementations, and comprehensive study exercises.
=== TASK TREE ===
Root (goal): Comprehensive Study Guide on Neural Networks and Transformer Models
Task list (in execution order, numbered):

1. Task [completed] Write Markdown structure with title, table of contents, and section headers
2. Task [completed] Explain backpropagation with mathematical notation and step-by-step algorithm
3. Task [completed] Explain gradient descent optimization with learning rate and loss landscape
4. Task [completed] Explain self-attention mechanism with Q/K/V matrices and attention scores
5. Task [completed] Explain positional encoding and sequence position representation
6. Task [completed] Explain encoder-decoder architecture for sequence-to-sequence tasks
7. Task [completed] Create practical study plan with schedule and exercises

=== WORKSPACE FILES ===
- .agent_scripts/README.md
- .agent_scripts/search.sh
- TASK.md
- study-guide.md
=== workspace/export/create ===
=== workspace/export/copy ===
=== workspace/export/remove ===
=== evaluator ===
WARNING: Running pip as the 'root' user can result in broken permissions and conflicting behaviour with the system package manager, possibly rendering your system unusable. It is recommended to use a virtual environment instead: https://pip.pypa.io/warnings/venv. Use the --root-user-action option if you know what you are doing and want to suppress this warning.

[notice] A new release of pip is available: 25.0.1 -> 26.1.2
[notice] To update, run: pip install --upgrade pip
table_of_contents: an optional table of contents links to existing headings
